ARM Linker, 5.03 [Build 76] [MDK-ARM Professional]

==============================================================================

Section Cross References

    sd_file.o(.text) refers to _printf_percent.o(.ARM.Collect$$_printf_percent$$00000000) for _printf_percent
    sd_file.o(.text) refers to _printf_d.o(.ARM.Collect$$_printf_percent$$00000009) for _printf_d
    sd_file.o(.text) refers to _printf_dec.o(.text) for _printf_int_dec
    sd_file.o(.text) refers to _printf_pad.o(.text) for _printf_pre_padding
    sd_file.o(.text) refers to _printf_p.o(.ARM.Collect$$_printf_percent$$00000002) for _printf_p
    sd_file.o(.text) refers to _printf_s.o(.ARM.Collect$$_printf_percent$$00000014) for _printf_s
    sd_file.o(.text) refers to _printf_n.o(.ARM.Collect$$_printf_percent$$00000001) for _printf_n
    sd_file.o(.text) refers to _printf_charcount.o(.text) for _printf_charcount
    sd_file.o(.text) refers to _printf_hex_ptr.o(.text) for _printf_longlong_hex
    sd_file.o(.text) refers to _printf_str.o(.text) for _printf_str
    sd_file.o(.text) refers to _scanf_int.o(.text) for _scanf_int
    sd_file.o(.text) refers to _printf_lli.o(.ARM.Collect$$_printf_percent$$0000000D) for _printf_lli
    sd_file.o(.text) refers to _printf_longlong_dec.o(.text) for _printf_longlong_dec
    sd_file.o(.text) refers to _printf_i.o(.ARM.Collect$$_printf_percent$$00000008) for _printf_i
    sd_file.o(.text) refers to lludiv.o(.text) for __aeabi_uldivmod
    sd_file.o(.text) refers to __2sprintf.o(.text) for __2sprintf
    sd_file.o(.text) refers to strcmp.o(.text) for strcmp
    sd_file.o(.text) refers to __2printf.o(.text) for __2printf
    sd_file.o(.text) refers to fopen.o(.text) for fopen
    sd_file.o(.text) refers to getline.o(.text) for getline
    sd_file.o(.text) refers to fputs.o(.text) for fputs
    sd_file.o(.text) refers to fclose.o(.text) for fclose
    sd_file.o(.text) refers to __0sscanf.o(.text) for __0sscanf
    sd_file.o(.text) refers to __2fprintf.o(.text) for __2fprintf
    sd_file.o(.text) refers to putc.o(.text) for putc
    sd_file.o(.text) refers to fgetc.o(i.fgetc) for fgetc
    sd_file.o(.text) refers to strlen.o(.text) for strlen
    sd_file.o(.text) refers to fs_mapi.o(i.frename) for frename
    sd_file.o(.text) refers to fwritefast.o(.text) for fwrite
    sd_file.o(.text) refers to freadfast.o(.text) for fread
    sd_file.o(.text) refers to fs_mapi.o(i.fdelete) for fdelete
    sd_file.o(.text) refers to sd_file.o(.bss) for .bss
    sd_file.o(.text) refers to stdio_streams.o(.bss) for __stdout
    sd_file.o(.text) refers to fs_mapi.o(i.ffind) for ffind
    sd_file.o(.text) refers to fs_mapi.o(i.ffree) for ffree
    sd_file.o(.text) refers to strcpy.o(.text) for strcpy
    sd_file.o(.text) refers to strcat.o(.text) for strcat
    sd_file.o(.text) refers to serial.o(.text) for getkey
    sd_file.o(.text) refers to fs_mapi.o(i.fformat) for fformat
    sd_file.o(.text) refers to llshl.o(.text) for __aeabi_llsl
    sd_file.o(.text) refers to sd_file.o(.constdata) for .constdata
    sd_file.o(.text) refers to llsdiv.o(.text) for __aeabi_ldivmod
    sd_file.o(.text) refers to fs_mapi.o(i.finit) for finit
    sd_file.o(.text) refers to lcd.o(.text) for LCD_init
    sd_file.o(.text) refers to fflush.o(.text) for fflush
    sd_file.o(.text) refers to toupper.o(.text) for toupper
    sd_file.o(.text) refers to sd_file.o(.text) for T0_IRQHandler
    sd_file.o(.text) refers to sd_file.o(i.__ARM_common_call_via_r1) for __ARM_common_call_via_r1
    sd_file.o(.text) refers to sd_file.o(.bss) for .bss
    sd_file.o(.constdata) refers to sd_file.o(.text) for cmd_capture
    getline.o(.text) refers to serial.o(.text) for getkey
    getline.o(.text) refers to putc.o(.text) for putc
    getline.o(.text) refers to fflush.o(.text) for fflush
    getline.o(.text) refers to stdio_streams.o(.bss) for __stdout
    lpc2300.o(STACK) refers (Special) to heapauxi.o(.text) for __use_two_region_memory
    lpc2300.o(HEAP) refers (Special) to heapauxi.o(.text) for __use_two_region_memory
    lpc2300.o(RESET) refers (Special) to heapauxi.o(.text) for __use_two_region_memory
    lpc2300.o(RESET) refers to lpc2300.o(STACK) for Stack_Top
    lpc2300.o(RESET) refers to __main.o(!!!main) for __main
    lpc2300.o(.text) refers (Special) to heapauxi.o(.text) for __use_two_region_memory
    lpc2300.o(.text) refers to lpc2300.o(HEAP) for Heap_Mem
    lpc2300.o(.text) refers to lpc2300.o(STACK) for Stack_Mem
    file_config.o(.text) refers to fs_mci.o(i.mci_Init) for mci_Init
    file_config.o(.text) refers to fs_mci.o(i.mci_UnInit) for mci_UnInit
    file_config.o(.text) refers to fs_mci.o(i.mci_ReadSector) for mci_ReadSector
    file_config.o(.text) refers to fs_mci.o(i.mci_WriteSector) for mci_WriteSector
    file_config.o(.text) refers to fs_mci.o(i.mci_ReadInfo) for mci_ReadInfo
    file_config.o(.text) refers to fs_mci.o(i.mci_DevCtrl) for mci_DevCtrl
[...]
    set_root_clus                            0x00007ec5   Thumb Code    14  fs_fat.o(i.set_root_clus)
    i.set_u16                                0x00007ed2   Section        0  fs_fat.o(i.set_u16)
    set_u16                                  0x00007ed3   Thumb Code     8  fs_fat.o(i.set_u16)
    i.set_u32                                0x00007eda   Section        0  fs_fat.o(i.set_u32)
    set_u32                                  0x00007edb   Thumb Code    16  fs_fat.o(i.set_u32)
    i.sfn_embed                              0x00007eea   Section        0  fs_fat.o(i.sfn_embed)
    sfn_embed                                0x00007eeb   Thumb Code    82  fs_fat.o(i.sfn_embed)
    i.sfn_extract                            0x00007f3c   Section        0  fs_fat.o(i.sfn_extract)
    sfn_extract                              0x00007f3d   Thumb Code    74  fs_fat.o(i.sfn_extract)
    i.short_ent_hash                         0x00007f86   Section        0  fs_fat.o(i.short_ent_hash)
    short_ent_hash                           0x00007f87   Thumb Code    30  fs_fat.o(i.short_ent_hash)
    i.sn_chksum                              0x00007fa4   Section        0  fs_fat.o(i.sn_chksum)
    sn_chksum                                0x00007fa5   Thumb Code    32  fs_fat.o(i.sn_chksum)
    i.unlink_clus_chain                      0x00007fc4   Section        0  fs_fat.o(i.unlink_clus_chain)
    unlink_clus_chain                        0x00007fc5   Thumb Code   326  fs_fat.o(i.unlink_clus_chain)
    i.write_cache                            0x00008110   Section        0  fs_fat.o(i.write_cache)
    write_cache                              0x00008111   Thumb Code   182  fs_fat.o(i.write_cache)
    i.write_fat_link                         0x000081c8   Section        0  fs_fat.o(i.write_fat_link)
    write_fat_link                           0x000081c9   Thumb Code   250  fs_fat.o(i.write_fat_link)
    i.write_sector                           0x000082c8   Section        0  fs_fat.o(i.write_sector)
    write_sector                             0x000082c9   Thumb Code    56  fs_fat.o(i.write_sector)
    locale$$code                             0x00008304   Section       80  lc_ctype_c.o(locale$$code)
    .constdata                               0x00008354   Section     1542  sd_file.o(.constdata)
    intro                                    0x00008354   Data         157  sd_file.o(.constdata)
    help                                     0x000083f1   Data        1185  sd_file.o(.constdata)
    cmd                                      0x00008894   Data         132  sd_file.o(.constdata)
    .constdata                               0x0000895a   Section        2  file_config.o(.constdata)
    .constdata                               0x0000895c   Section        2  file_config.o(.constdata)
    .constdata                               0x00008960   Section       24  file_config.o(.constdata)
    .constdata                               0x00008978   Section        8  file_config.o(.constdata)
    .constdata                               0x00008980   Section       44  mci_lpc23xx.o(.constdata)
    .constdata                               0x000089ac   Section        6  retarget.o(.constdata)
    .constdata                               0x000089b2   Section        7  retarget.o(.constdata)
    .constdata                               0x000089b9   Section        7  retarget.o(.constdata)
    .constdata                               0x000089c0   Section       64  lcd.o(.constdata)
    UserFont                                 0x000089c0   Data          64  lcd.o(.constdata)
    .constdata                               0x00008a00   Section       16  fs_mci.o(.constdata)
    tim_val                                  0x00008a00   Data          16  fs_mci.o(.constdata)
    .constdata                               0x00008a10   Section     1196  fs_fat.o(.constdata)
    IniDevCfg                                0x00008a10   Data         156  fs_fat.o(.constdata)
    ChIndex                                  0x00008aac   Data          13  fs_fat.o(.constdata)
    crc32_table                              0x00008abc   Data        1024  fs_fat.o(.constdata)
    .constdata                               0x00008ebc   Section       40  _printf_hex_ptr.o(.constdata)
    uc_hextab                                0x00008ebc   Data          20  _printf_hex_ptr.o(.constdata)
    lc_hextab                                0x00008ed0   Data          20  _printf_hex_ptr.o(.constdata)
    .constdata                               0x00008ee4   Section       17  __printf_flags_ss_wp.o(.constdata)
    maptable                                 0x00008ee4   Data          17  __printf_flags_ss_wp.o(.constdata)
    locale$$data                             0x00008f18   Section      272  lc_ctype_c.o(locale$$data)
    __lcctype_c_name                         0x00008f1c   Data           2  lc_ctype_c.o(locale$$data)
    __lcctype_c_start                        0x00008f24   Data           0  lc_ctype_c.o(locale$$data)
    __lcctype_c_end                          0x00009028   Data           0  lc_ctype_c.o(locale$$data)
    .data                                    0x40000000   Section        4  lcd.o(.data)
    lcd_ptr                                  0x40000000   Data           4  lcd.o(.data)
    .data                                    0x40000004   Section        1  fs_mapi.o(.data)
    cfg_done                                 0x40000004   Data           1  fs_mapi.o(.data)
    .data                                    0x40000008   Section        4  stdio_streams.o(.data)
    .data                                    0x4000000c   Section        4  stdio_streams.o(.data)
    .data                                    0x40000010   Section        4  stdio_streams.o(.data)
    .bss                                     0x40000018   Section     1280  sd_file.o(.bss)
    in_line                                  0x40000478   Data         160  sd_file.o(.bss)
    .bss                                     0x40000518   Section      288  file_config.o(.bss)
    .bss                                     0x40000638   Section      132  file_config.o(.bss)
    mc0_vol                                  0x40000638   Data         116  file_config.o(.bss)
    mci0_dev                                 0x400006ac   Data          16  file_config.o(.bss)
    .bss                                     0x400006bc   Section       84  stdio_streams.o(.bss)
    .bss                                     0x40000710   Section       84  stdio_streams.o(.bss)
    .bss                                     0x40000764   Section       84  stdio_streams.o(.bss)
    .bss                                     0x400007b8   Section       96  libspace.o(.bss)
    HEAP                                     0x40000818   Section     2048  lpc2300.o(HEAP)
    Heap_Mem                                 0x40000818   Data        2048  lpc2300.o(HEAP)
    STACK                                    0x40001018   Section     1280  lpc2300.o(STACK)
    Stack_Mem                                0x40001018   Data        1024  lpc2300.o(STACK)
    Stack_Top                                0x40001518   Data           0  lpc2300.o(STACK)
    .ARM.__AT_0x7FD00000                     0x7fd00000   Section     5120  file_config.o(.ARM.__AT_0x7FD00000)
    mc0_cache                                0x7fd00000   Data        5120  file_config.o(.ARM.__AT_0x7FD00000)

    Global Symbols

    Symbol Name                              Value     Ov Type        Size  Object(Section)

    BuildAttributes$$THM_ISAv1$ARM_ISAv4$S$PE$A:L22$X:L11$S22$IEEE1$IW$USESV6$~STKCKD$USESV7$~SHL$OTIME$ROPI$EBA8$UX$STANDARDLIB$REQ8$EABIv2 0x00000000   Number         0  anon$$obj.o ABSOLUTE
    __ARM_use_no_argv                        0x00000000   Number         0  sd_file.o ABSOLUTE
    _printf_flags                            0x00000000   Number         0  printf_stubs.o ABSOLUTE
    _printf_return_value                     0x00000000   Number         0  printf_stubs.o ABSOLUTE
    _printf_sizespec                         0x00000000   Number         0  printf_stubs.o ABSOLUTE
    _printf_widthprec                        0x00000000   Number         0  printf_stubs.o ABSOLUTE
    __ARM_exceptions_init                     - Undefined Weak Reference
    __alloca_initialize                       - Undefined Weak Reference
    __cpp_initialize__aeabi_                  - Undefined Weak Reference
    __cxa_finalize                            - Undefined Weak Reference
    __sigvec_lookup                           - Undefined Weak Reference
    __user_heap_extent                        - Undefined Weak Reference
    _atexit_init                              - Undefined Weak Reference
    _call_atexit_fns                          - Undefined Weak Reference
    _clock_init                               - Undefined Weak Reference
    _fp_trap_init                             - Undefined Weak Reference
    _fp_trap_shutdown                         - Undefined Weak Reference
    _get_lc_collate                           - Undefined Weak Reference
    _get_lc_monetary                          - Undefined Weak Reference
    _get_lc_numeric                           - Undefined Weak Reference
    _get_lc_time                              - Undefined Weak Reference
    _getenv_init                              - Undefined Weak Reference
    _handle_redirection                       - Undefined Weak Reference
    _mutex_acquire                            - Undefined Weak Reference
    _mutex_free                               - Undefined Weak Reference
    _mutex_release                            - Undefined Weak Reference
    _printf_mbtowc                            - Undefined Weak Reference
    _printf_truncate_signed                   - Undefined Weak Reference
    _printf_truncate_unsigned                 - Undefined Weak Reference
    _rand_init                                - Undefined Weak Reference
    _scanf_longlong                           - Undefined Weak Reference
    _scanf_mbtowc                             - Undefined Weak Reference
    _scanf_real                               - Undefined Weak Reference
    _scanf_string                             - Undefined Weak Reference
    _scanf_wctomb                             - Undefined Weak Reference
    _scanf_wstring                            - Undefined Weak Reference
    _signal_finish                            - Undefined Weak Reference
    _signal_init                              - Undefined Weak Reference
    Reset_Handler                            0x00000058   ARM Code       0  lpc2300.o(RESET)
    __main                                   0x0000016c   ARM Code       8  __main.o(!!!main)
    __scatterload                            0x00000174   ARM Code       0  __scatter.o(!!!scatter)
    __scatterload_rt2                        0x00000174   ARM Code      52  __scatter.o(!!!scatter)
    __scatterload_null                       0x00000188   ARM Code       0  __scatter.o(!!!scatter)
    __scatterload_copy                       0x000001b0   ARM Code      40  __scatter_copy.o(!!handler_copy)
    __scatterload_zeroinit                   0x000001d8   ARM Code      44  __scatter_zi.o(!!handler_zi)
    Inline Thumb to ARM Veneer to _printf_percent 0x00000205   Thumb Code     4  _printf_percent.o(.ARM.Collect$$_printf_percent$$00000000)
    _printf_n                                0x00000208   ARM Code       0  _printf_n.o(.ARM.Collect$$_printf_percent$$00000001)
    _printf_percent                          0x00000208   ARM Code       0  _printf_percent.o(.ARM.Collect$$_printf_percent$$00000000)
    _printf_p                                0x00000210   ARM Code       0  _printf_p.o(.ARM.Collect$$_printf_percent$$00000002)
    _printf_ll                               0x00000218   ARM Code       0  _printf_ll.o(.ARM.Collect$$_printf_percent$$00000007)
    _printf_i                                0x00000224   ARM Code       0  _printf_i.o(.ARM.Collect$$_printf_percent$$00000008)
    _printf_d                                0x0000022c   ARM Code       0  _printf_d.o(.ARM.Collect$$_printf_percent$$00000009)
    _printf_lli                              0x00000234   ARM Code       0  _printf_lli.o(.ARM.Collect$$_printf_percent$$0000000D)
    _printf_s                                0x0000023c   ARM Code       0  _printf_s.o(.ARM.Collect$$_printf_percent$$00000014)
    _printf_percent_end                      0x00000244   ARM Code       0  _printf_percent_end.o(.ARM.Collect$$_printf_percent$$00000017)
    Inline ARM to Thumb Veneer to __rt_lib_init 0x0000024c   ARM Code       8  libinit.o(.ARM.Collect$$libinit$$00000000)
    __rt_lib_init                            0x00000255   Thumb Code     0  libinit.o(.ARM.Collect$$libinit$$00000000)
    __rt_lib_init_fp_1                       0x00000257   Thumb Code     0  libinit2.o(.ARM.Collect$$libinit$$00000002)
    __rt_lib_init_heap_2                     0x00000257   Thumb Code     0  libinit2.o(.ARM.Collect$$libinit$$00000003)
    __rt_lib_init_heap_1                     0x0000025f   Thumb Code     0  libinit2.o(.ARM.Collect$$libinit$$00000008)
    __rt_lib_init_lc_common                  0x0000025f   Thumb Code     0  libinit2.o(.ARM.Collect$$libinit$$0000000D)
    __rt_lib_init_rand_1                     0x0000025f   Thumb Code     0  libinit2.o(.ARM.Collect$$libinit$$0000000C)
    __rt_lib_init_user_alloc_1               0x0000025f   Thumb Code     0  libinit2.o(.ARM.Collect$$libinit$$0000000A)
    __rt_lib_init_lc_collate_1               0x00000265   Thumb Code     0  libinit2.o(.ARM.Collect$$libinit$$0000000F)
    __rt_lib_init_lc_ctype_2                 0x00000265   Thumb Code     0  libinit2.o(.ARM.Collect$$libinit$$00000010)
    __rt_lib_init_atexit_1                   0x00000271   Thumb Code     0  libinit2.o(.ARM.Collect$$libinit$$00000019)
    __rt_lib_init_clock_1                    0x00000271   Thumb Code     0  libinit2.o(.ARM.Collect$$libinit$$0000001F)
    __rt_lib_init_fp_trap_1                  0x00000271   Thumb Code     0  libinit2.o(.ARM.Collect$$libinit$$0000001D)
    __rt_lib_init_getenv_1                   0x00000271   Thumb Code     0  libinit2.o(.ARM.Collect$$libinit$$00000021)
    __rt_lib_init_lc_ctype_1                 0x00000271   Thumb Code     0  libinit2.o(.ARM.Collect$$libinit$$00000011)
    __rt_lib_init_lc_monetary_1              0x00000271   Thumb Code     0  libinit2.o(.ARM.Collect$$libinit$$00000013)
    __rt_lib_init_lc_numeric_1               0x00000271   Thumb Code     0  libinit2.o(.ARM.Collect$$libinit$$00000015)
    __rt_lib_init_lc_time_1                  0x00000271   Thumb Code     0  libinit2.o(.ARM.Collect$$libinit$$00000017)
    __rt_lib_init_signal_1                   0x00000271   Thumb Code     0  libinit2.o(.ARM.Collect$$libinit$$0000001B)
    __rt_lib_init_stdio_2                    0x00000271   Thumb Code     0  libinit2.o(.ARM.Collect$$libinit$$00000022)
    __rt_lib_init_alloca_1                   0x00000275   Thumb Code     0  libinit2.o(.ARM.Collect$$libinit$$0000002C)
    __rt_lib_init_argv_1                     0x00000275   Thumb Code     0  libinit2.o(.ARM.Collect$$libinit$$0000002A)
    __rt_lib_init_cpp_1                      0x00000275   Thumb Code     0  libinit2.o(.ARM.Collect$$libinit$$00000030)
    __rt_lib_init_exceptions_1               0x00000275   Thumb Code     0  libinit2.o(.ARM.Collect$$libinit$$0000002E)
    __rt_lib_init_return                     0x00000275   Thumb Code     0  libinit2.o(.ARM.Collect$$libinit$$00000031)
    __rt_lib_init_stdio_1                    0x00000275   Thumb Code     0  libinit2.o(.ARM.Collect$$libinit$$00000023)
    Inline ARM to Thumb Veneer to __rt_lib_shutdown 0x00000280   ARM Code       8  libshutdown.o(.ARM.Collect$$libshutdown$$00000000)
    __rt_lib_shutdown                        0x00000289   Thumb Code     0  libshutdown.o(.ARM.Collect$$libshutdown$$00000000)
    __rt_lib_shutdown_stdio_2                0x0000028d   Thumb Code     0  libshutdown2.o(.ARM.Collect$$libshutdown$$00000002)
    __rt_lib_shutdown_fp_trap_1              0x00000291   Thumb Code     0  libshutdown2.o(.ARM.Collect$$libshutdown$$00000006)
    __rt_lib_shutdown_heap_1                 0x00000291   Thumb Code     0  libshutdown2.o(.ARM.Collect$$libshutdown$$0000000E)
    __rt_lib_shutdown_return                 0x00000291   Thumb Code     0  libshutdown2.o(.ARM.Collect$$libshutdown$$0000000F)
    __rt_lib_shutdown_signal_1               0x00000291   Thumb Code     0  libshutdown2.o(.ARM.Collect$$libshutdown$$00000009)
    __rt_lib_shutdown_stdio_1                0x00000291   Thumb Code     0  libshutdown2.o(.ARM.Collect$$libshutdown$$00000003)
    __rt_lib_shutdown_user_alloc_1           0x00000291   Thumb Code     0  libshutdown2.o(.ARM.Collect$$libshutdown$$0000000B)
    __rt_entry                               0x00000298   ARM Code       0  rtentry.o(.ARM.Collect$$rtentry$$00000000)
    __rt_entry_presh_1                       0x00000298   ARM Code       0  rtentry2.o(.ARM.Collect$$rtentry$$00000002)
    __rt_entry_sh                            0x00000298   ARM Code       0  rtentry4.o(.ARM.Collect$$rtentry$$00000004)
    __rt_entry_li                            0x000002a0   ARM Code       0  rtentry2.o(.ARM.Collect$$rtentry$$0000000A)
    __rt_entry_postsh_1                      0x000002a0   ARM Code       0  rtentry2.o(.ARM.Collect$$rtentry$$00000009)
    __rt_entry_main                          0x000002a4   ARM Code       0  rtentry2.o(.ARM.Collect$$rtentry$$0000000D)
    __rt_entry_postli_1                      0x000002a4   ARM Code       0  rtentry2.o(.ARM.Collect$$rtentry$$0000000C)
    Inline Thumb to ARM Veneer to __rt_exit  0x000002cd   Thumb Code     4  rtexit.o(.ARM.Collect$$rtexit$$00000000)
    __rt_exit                                0x000002d0   ARM Code       0  rtexit.o(.ARM.Collect$$rtexit$$00000000)
    __rt_exit_ls                             0x000002d4   ARM Code       0  rtexit2.o(.ARM.Collect$$rtexit$$00000003)
    __rt_exit_prels_1                        0x000002d4   ARM Code       0  rtexit2.o(.ARM.Collect$$rtexit$$00000002)
    __rt_exit_exit                           0x000002d8   ARM Code       0  rtexit2.o(.ARM.Collect$$rtexit$$00000004)
    _maybe_terminate_alloc                   0x000002e1   Thumb Code     0  maybetermalloc1.o(.emb_text)
    __RL_FS_VER                              0x00000474   Number         0  fs_sys.o ABSOLUTE
    main                                     0x00001267   Thumb Code   730  sd_file.o(.text)
    ADC_IRQHandler                           0x00001550   ARM Code      48  sd_file.o(.text)
    T0_IRQHandler                            0x00001580   ARM Code     292  sd_file.o(.text)
    getline                                  0x000016b1   Thumb Code   144  getline.o(.text)
    __user_initial_stackheap                 0x00001744   ARM Code       0  lpc2300.o(.text)
    fs_config                                0x000017a9   Thumb Code    30  file_config.o(.text)
    efs_rename                               0x000017c7   Thumb Code     4  file_config.o(.text)
    efs_create                               0x000017cb   Thumb Code     4  file_config.o(.text)
    efs_delete                               0x000017cf   Thumb Code     4  file_config.o(.text)
    efs_free                                 0x000017d3   Thumb Code     4  file_config.o(.text)
    efs_format                               0x000017d7   Thumb Code     4  file_config.o(.text)
    efs_ffind                                0x000017db   Thumb Code     4  file_config.o(.text)
    efs_wclose                               0x000017df   Thumb Code     4  file_config.o(.text)
    efs_read                                 0x000017e3   Thumb Code     4  file_config.o(.text)
    efs_write                                0x000017e7   Thumb Code     4  file_config.o(.text)
    efs_ensure                               0x000017eb   Thumb Code     4  file_config.o(.text)
    efs_seek                                 0x000017ef   Thumb Code     4  file_config.o(.text)
    efs_fsize                                0x000017f3   Thumb Code     2  file_config.o(.text)
    efs_find                                 0x000017f5   Thumb Code     4  file_config.o(.text)
    efs_analyse                              0x000017f9   Thumb Code     4  file_config.o(.text)
    efs_check                                0x000017fd   Thumb Code     4  file_config.o(.text)
    efs_defrag                               0x00001801   Thumb Code     4  file_config.o(.text)
    fat_jour_init                            0x00001805   Thumb Code     4  file_config.o(.text)
    fat_jour_prep                            0x00001809   Thumb Code     4  file_config.o(.text)
    fsj_set_space                            0x0000180d   Thumb Code     4  file_config.o(.text)
    fsj_write                                0x00001811   Thumb Code     4  file_config.o(.text)
    fsj_init                                 0x00001815   Thumb Code     4  file_config.o(.text)
    elink_init                               0x00001819   Thumb Code     4  file_config.o(.text)
    elink_init_path                          0x0000181d   Thumb Code     4  file_config.o(.text)
    elink_flush                              0x00001821   Thumb Code     4  file_config.o(.text)
    elink_cmd                                0x00001825   Thumb Code     4  file_config.o(.text)
    elink_insert                             0x00001829   Thumb Code     4  file_config.o(.text)
    elink_delete                             0x0000182d   Thumb Code     4  file_config.o(.text)
    elink_scan                               0x00001831   Thumb Code     4  file_config.o(.text)
    init_serial                              0x00001afd   Thumb Code    54  serial.o(.text)
    sendchar                                 0x00001b33   Thumb Code    26  serial.o(.text)
    getkey                                   0x00001b4d   Thumb Code    12  serial.o(.text)
    _ttywrch                                 0x00001b61   Thumb Code    12  retarget.o(.text)
    _sys_open                                0x00001b6d   Thumb Code    70  retarget.o(.text)
    _sys_close                               0x00001bb3   Thumb Code    20  retarget.o(.text)
    _sys_write                               0x00001bc7   Thumb Code    56  retarget.o(.text)
    _sys_read                                0x00001bff   Thumb Code    54  retarget.o(.text)
    _sys_istty                               0x00001c35   Thumb Code    16  retarget.o(.text)
    _sys_seek                                0x00001c45   Thumb Code    22  retarget.o(.text)
    _sys_ensure                              0x00001c5b   Thumb Code    22  retarget.o(.text)
    _sys_flen                                0x00001c71   Thumb Code    20  retarget.o(.text)
    _sys_tmpnam                              0x00001c85   Thumb Code     4  retarget.o(.text)
    _sys_command_string                      0x00001c89   Thumb Code     2  retarget.o(.text)
    _sys_exit                                0x00001c8b   Thumb Code     2  retarget.o(.text)
    LCD_gotoxy                               0x00001cd5   Thumb Code    36  lcd.o(.text)
    LCD_cls                                  0x00001cf9   Thumb Code    22  lcd.o(.text)
    LCD_load                                 0x00001d0f   Thumb Code    32  lcd.o(.text)
    LCD_init                                 0x00001d2f   Thumb Code    88  lcd.o(.text)
    LCD_cur_off                              0x00001d87   Thumb Code    10  lcd.o(.text)
    LCD_on                                   0x00001d91   Thumb Code    10  lcd.o(.text)
    LCD_putc                                 0x00001d9b   Thumb Code    32  lcd.o(.text)
    LCD_puts                                 0x00001dbb   Thumb Code    20  lcd.o(.text)
    LCD_bargraph                             0x00001dcf   Thumb Code    48  lcd.o(.text)
    __semihosting$guard                      0x00001eb0   ARM Code       0  use_no_semi.o(.text)
    __use_no_semihosting_swi                 0x00001eb0   ARM Code       4  use_no_semi.o(.text)
    Inline Thumb to ARM Veneer to __aeabi_llsl 0x00001eb5   Thumb Code     4  llshl.o(.text)
    __aeabi_llsl                             0x00001eb8   ARM Code       0  llshl.o(.text)
    _ll_shift_l                              0x00001eb8   ARM Code      40  llshl.o(.text)
    Inline Thumb to ARM Veneer to __aeabi_ldivmod 0x00001ee1   Thumb Code     4  llsdiv.o(.text)
    __aeabi_ldivmod                          0x00001ee4   ARM Code       0  llsdiv.o(.text)
    _ll_sdiv                                 0x00001ee4   ARM Code      84  llsdiv.o(.text)
    Inline Thumb to ARM Veneer to __aeabi_uldivmod 0x00001f39   Thumb Code     4  lludiv.o(.text)
    __aeabi_uldivmod                         0x00001f3c   ARM Code       0  lludiv.o(.text)
    _ll_udiv                                 0x00001f3c   ARM Code     720  lludiv.o(.text)
    _ll_udiv_donemoving                      0x00001f50   ARM Code       0  lludiv.o(.text)
    toupper                                  0x0000220d   Thumb Code    34  toupper.o(.text)
    __2printf                                0x00002231   Thumb Code    22  __2printf.o(.text)
    __2fprintf                               0x0000224d   Thumb Code    22  __2fprintf.o(.text)
    __2sprintf                               0x00002265   Thumb Code    40  __2sprintf.o(.text)
    _printf_pre_padding                      0x00002291   Thumb Code    50  _printf_pad.o(.text)
    _printf_post_padding                     0x000022c3   Thumb Code    36  _printf_pad.o(.text)
    _printf_str                              0x000022e7   Thumb Code    88  _printf_str.o(.text)
    Inline ARM to Thumb Veneer to _printf_int_dec 0x00002340   ARM Code       8  _printf_dec.o(.text)
    _printf_int_dec                          0x00002349   Thumb Code    94  _printf_dec.o(.text)
    Inline ARM to Thumb Veneer to _printf_charcount 0x000023b8   ARM Code       8  _printf_charcount.o(.text)
    _printf_charcount                        0x000023c1   Thumb Code    40  _printf_charcount.o(.text)
    Inline ARM to Thumb Veneer to _printf_longlong_dec 0x000023e8   ARM Code       8  _printf_longlong_dec.o(.text)
    _printf_longlong_dec                     0x000023f1   Thumb Code    98  _printf_longlong_dec.o(.text)
    Inline ARM to Thumb Veneer to _printf_hex_ptr 0x00002464   ARM Code       8  _printf_hex_ptr.o(.text)
    _printf_hex_ptr                          0x0000246d   Thumb Code    82  _printf_hex_ptr.o(.text)
    _printf_longlong_hex                     0x0000246d   Thumb Code     0  _printf_hex_ptr.o(.text)
    __printf                                 0x000024c5   Thumb Code   406  __printf_flags_ss_wp.o(.text)
    __0sscanf                                0x00002661   Thumb Code    54  __0sscanf.o(.text)
    _scanf_int                               0x000026a1   Thumb Code   348  _scanf_int.o(.text)
    _do_fflush                               0x000027fd   Thumb Code    58  fflush.o(.text)
    fflush                                   0x00002837   Thumb Code    46  fflush.o(.text)
    fputs                                    0x00002869   Thumb Code    38  fputs.o(.text)
    putc                                     0x0000288f   Thumb Code    12  putc.o(.text)
    freopen                                  0x0000289d   Thumb Code   152  fopen.o(.text)
    fopen                                    0x00002935   Thumb Code    80  fopen.o(.text)
    _fclose_internal                         0x0000298d   Thumb Code    76  fclose.o(.text)
    fclose                                   0x0000298d   Thumb Code     0  fclose.o(.text)
    strcpy                                   0x000029dd   Thumb Code    74  strcpy.o(.text)
    strncasecmp                              0x00002a2d   Thumb Code    50  strncasecmp.o(.text)
    strlen                                   0x00002a61   Thumb Code    64  strlen.o(.text)
    strcat                                   0x00002aa5   Thumb Code    24  strcat.o(.text)
    Inline Thumb to ARM Veneer to __aeabi_memcpy 0x00002abd   Thumb Code     4  rt_memcpy.o(.text)
    __aeabi_memcpy                           0x00002ac0   ARM Code       0  rt_memcpy.o(.text)
    __rt_memcpy                              0x00002ac0   ARM Code     212  rt_memcpy.o(.text)
    _memcpy_lastbytes                        0x00002b74   ARM Code       0  rt_memcpy.o(.text)
    Inline Thumb to ARM Veneer to __aeabi_memcpy4 0x00002b95   Thumb Code     4  rt_memcpy_w.o(.text)
    __aeabi_memcpy4                          0x00002b98   ARM Code       0  rt_memcpy_w.o(.text)
    __aeabi_memcpy8                          0x00002b98   ARM Code       0  rt_memcpy_w.o(.text)
    __rt_memcpy_w                            0x00002b98   ARM Code     100  rt_memcpy_w.o(.text)
    _memcpy_lastbytes_aligned                0x00002be4   ARM Code       0  rt_memcpy_w.o(.text)
    Inline Thumb to ARM Veneer to __aeabi_memset 0x00002bfd   Thumb Code     4  aeabi_memset.o(.text)
    __aeabi_memset                           0x00002c00   ARM Code      16  aeabi_memset.o(.text)
    Inline Thumb to ARM Veneer to __aeabi_memclr 0x00002c11   Thumb Code     4  rt_memclr.o(.text)
    __aeabi_memclr                           0x00002c14   ARM Code       0  rt_memclr.o(.text)
    __rt_memclr                              0x00002c14   ARM Code      64  rt_memclr.o(.text)
    _memset                                  0x00002c18   ARM Code       0  rt_memclr.o(.text)
    Inline Thumb to ARM Veneer to __aeabi_memclr4 0x00002c55   Thumb Code     4  rt_memclr_w.o(.text)
    __aeabi_memclr4                          0x00002c58   ARM Code       0  rt_memclr_w.o(.text)
    __aeabi_memclr8                          0x00002c58   ARM Code       0  rt_memclr_w.o(.text)
    __rt_memclr_w                            0x00002c58   ARM Code      84  rt_memclr_w.o(.text)
    _memset_w                                0x00002c5c   ARM Code       0  rt_memclr_w.o(.text)
    Inline Thumb to ARM Veneer to strcmp     0x00002cad   Thumb Code     4  strcmp.o(.text)
    strcmp                                   0x00002cb0   ARM Code     156  strcmp.o(.text)
    Inline Thumb to ARM Veneer to __aeabi_uread4 0x00002d51   Thumb Code     4  uread4.o(.text)
    __aeabi_uread4                           0x00002d54   ARM Code       0  uread4.o(.text)
    __rt_uread4                              0x00002d54   ARM Code      32  uread4.o(.text)
    Inline Thumb to ARM Veneer to __aeabi_uwrite4 0x00002d75   Thumb Code     4  uwrite4.o(.text)
    __aeabi_uwrite4                          0x00002d78   ARM Code       0  uwrite4.o(.text)
    __rt_uwrite4                             0x00002d78   ARM Code      32  uwrite4.o(.text)
    Inline Thumb to ARM Veneer to __aeabi_idivmod 0x00002d99   Thumb Code     4  aeabi_sdiv.o(.text)
    __aeabi_idiv                             0x00002d9c   ARM Code       0  aeabi_sdiv.o(.text)
    __aeabi_idivmod                          0x00002d9c   ARM Code     384  aeabi_sdiv.o(.text)
    __use_two_region_memory                  0x00002f1d   Thumb Code     2  heapauxi.o(.text)
    __rt_heap_escrow                         0x00002f1f   Thumb Code     2  heapauxi.o(.text)
    __rt_heap_expand                         0x00002f21   Thumb Code     2  heapauxi.o(.text)
    Inline Thumb to ARM Veneer to __rt_ctype_table 0x00002f25   Thumb Code     4  rt_ctype_table.o(.text)
    __rt_ctype_table                         0x00002f28   ARM Code      24  rt_ctype_table.o(.text)
    malloc                                   0x00002f41   Thumb Code   110  h1_alloc.o(.text)
    free                                     0x00002faf   Thumb Code    84  h1_free.o(.text)
    Inline Thumb to ARM Veneer to _ll_udiv10 0x00003005   Thumb Code     4  lludiv10.o(.text)
    _ll_udiv10                               0x00003008   ARM Code     160  lludiv10.o(.text)
    tolower                                  0x000030a9   Thumb Code    30  tolower.o(.text)
    _printf_int_common                       0x000030c7   Thumb Code   186  _printf_intcommon.o(.text)
    _printf_char_common                      0x0000318b   Thumb Code    34  _printf_char_common.o(.text)
    _sputc                                   0x000031b1   Thumb Code    10  _sputc.o(.text)
    Inline ARM to Thumb Veneer to _printf_string 0x000031bc   ARM Code       8  _printf_char.o(.text)
    _printf_cs_common                        0x000031c5   Thumb Code    26  _printf_char.o(.text)
    _printf_char                             0x000031df   Thumb Code    16  _printf_char.o(.text)
    _printf_string                           0x000031ef   Thumb Code     8  _printf_char.o(.text)
    _printf_char_file                        0x000031f9   Thumb Code    38  _printf_char_file.o(.text)
    _chval                                   0x00003225   Thumb Code    30  _chval.o(.text)
    __vfscanf_char                           0x00003251   Thumb Code    32  scanf_char.o(.text)
    _sgetc                                   0x00003279   Thumb Code    32  _sgetc.o(.text)
    _sbackspace                              0x00003299   Thumb Code    36  _sgetc.o(.text)
    _readbuf                                 0x000032bd   Thumb Code    60  filbuf.o(.text)
    _seteof                                  0x000032f9   Thumb Code    40  filbuf.o(.text)
    __filbuf                                 0x00003321   Thumb Code   490  filbuf.o(.text)
    __filbuf_byte                            0x00003321   Thumb Code     0  filbuf.o(.text)
    __filbuf_wide                            0x00003321   Thumb Code     0  filbuf.o(.text)
    _fseek                                   0x00003519   Thumb Code   244  fseek.o(.text)
    fseek                                    0x00003519   Thumb Code     0  fseek.o(.text)
    _seterr                                  0x00003611   Thumb Code    20  stdio.o(.text)
    _writebuf                                0x00003625   Thumb Code    80  stdio.o(.text)
    _fflush                                  0x00003675   Thumb Code    80  stdio.o(.text)
    _deferredlazyseek                        0x000036c5   Thumb Code    64  stdio.o(.text)
    _initio                                  0x0000370d   Thumb Code   220  initio.o(.text)
    _terminateio                             0x000037e9   Thumb Code    60  initio.o(.text)
    Inline Thumb to ARM Veneer to __rt_udiv10 0x00003851   Thumb Code     4  rtudiv10.o(.text)
    __rt_udiv10                              0x00003854   ARM Code      44  rtudiv10.o(.text)
    Inline Thumb to ARM Veneer to __rt_heap_descriptor 0x00003881   Thumb Code     4  rt_heap_descriptor_intlibspace.o(.text)
    __rt_heap_descriptor                     0x00003884   ARM Code      12  rt_heap_descriptor_intlibspace.o(.text)
    Inline Thumb to ARM Veneer to __rt_locale 0x00003891   Thumb Code     4  rt_locale_intlibspace.o(.text)
    __rt_locale                              0x00003894   ARM Code      12  rt_locale_intlibspace.o(.text)
    __use_no_heap                            0x000038a1   Thumb Code     2  hguard.o(.text)
    __heap$guard                             0x000038a3   Thumb Code     2  hguard.o(.text)
    _terminate_user_alloc                    0x000038a5   Thumb Code     2  init_alloc.o(.text)
    _init_user_alloc                         0x000038a7   Thumb Code     2  init_alloc.o(.text)
    __Heap_Full                              0x000038a9   Thumb Code    36  init_alloc.o(.text)
    __Heap_Broken                            0x000038cd   Thumb Code    14  init_alloc.o(.text)
    _init_alloc                              0x000038db   Thumb Code    94  init_alloc.o(.text)
    __Heap_Initialize                        0x00003939   Thumb Code    10  h1_init.o(.text)
    __Heap_DescSize                          0x00003943   Thumb Code     4  h1_init.o(.text)
    isspace                                  0x00003947   Thumb Code    22  isspace.o(.text)
    __vfscanf                                0x0000395d   Thumb Code   956  _scanf.o(.text)
    ferror                                   0x00003d25   Thumb Code     8  ferror.o(.text)
    __flsbuf                                 0x00003d2d   Thumb Code   492  flsbuf.o(.text)
    __flsbuf_byte                            0x00003d2d   Thumb Code     0  flsbuf.o(.text)
    __flsbuf_wide                            0x00003d2d   Thumb Code     0  flsbuf.o(.text)
    _ftell_internal                          0x00003f21   Thumb Code    70  ftell.o(.text)
    ftell                                    0x00003f21   Thumb Code     0  ftell.o(.text)
    setvbuf                                  0x00003f69   Thumb Code    74  setvbuf.o(.text)
    fread                                    0x00003fb9   Thumb Code   308  freadfast.o(.text)
    _flushlinebuffered                       0x000040ed   Thumb Code    50  flushlinebuffered.o(.text)
    __rt_SIGRTRED                            0x00004129   Thumb Code    16  defsig_rtred_outer.o(.text)
    __user_libspace                          0x00004138   ARM Code      12  libspace.o(.text)
    __user_perproc_libspace                  0x00004138   ARM Code       0  libspace.o(.text)
    __user_perthread_libspace                0x00004138   ARM Code       0  libspace.o(.text)
    __user_setup_stackheap                   0x00004144   ARM Code      96  sys_stackheap_outer.o(.text)
    Inline Thumb to ARM Veneer to __aeabi_errno_addr 0x000041a5   Thumb Code     4  rt_errno_addr_intlibspace.o(.text)
    __aeabi_errno_addr                       0x000041a8   ARM Code      12  rt_errno_addr_intlibspace.o(.text)
    __errno$intlibspace                      0x000041a8   ARM Code       0  rt_errno_addr_intlibspace.o(.text)
    __rt_errno_addr$intlibspace              0x000041a8   ARM Code       0  rt_errno_addr_intlibspace.o(.text)
    __Heap_ProvideMemory                     0x000041b5   Thumb Code    56  h1_extend.o(.text)
    fwrite                                   0x000041ed   Thumb Code   204  fwritefast.o(.text)
    exit                                     0x000042b9   Thumb Code    12  exit.o(.text)
    __sig_exit                               0x000042c5   Thumb Code    16  defsig_exit.o(.text)
    __rt_SIGRTRED_inner                      0x000042d5   Thumb Code    18  defsig_rtred_inner.o(.text)
    __rt_SIGRTMEM                            0x0000430d   Thumb Code    16  defsig_rtmem_outer.o(.text)
    __default_signal_display                 0x0000431d   Thumb Code    56  defsig_general.o(.text)
    __rt_SIGRTMEM_inner                      0x00004355   Thumb Code    26  defsig_rtmem_inner.o(.text)
    Inline Thumb to ARM Veneer to __aeabi_uidivmod 0x000043a9   Thumb Code     4  aeabi_sdiv.o(.text_udiv)
    __aeabi_uidiv                            0x000043ac   ARM Code       0  aeabi_sdiv.o(.text_udiv)
    __aeabi_uidivmod                         0x000043ac   ARM Code      36  aeabi_sdiv.o(.text_udiv)
    Long ARM to Thumb Veneer to _sys_exit    0x000043d0   ARM Code      12  anon$$obj.o(Veneer$$Code)
    __ARM_common_call_via_r0                 0x000043dd   Thumb Code     2  fs_mapi.o(i.__ARM_common_call_via_r0)
    __ARM_common_call_via_r1                 0x000043df   Thumb Code     2  sd_file.o(i.__ARM_common_call_via_r1)
    __ARM_common_call_via_r2                 0x000043e1   Thumb Code     2  fs_mapi.o(i.__ARM_common_call_via_r2)
    __ARM_common_call_via_r3                 0x000043e3   Thumb Code     2  fs_mci.o(i.__ARM_common_call_via_r3)
    __ARM_common_call_via_r4                 0x000043e5   Thumb Code     2  fs_mci.o(i.__ARM_common_call_via_r4)
    __ARM_common_call_via_r5                 0x000043e7   Thumb Code     2  fs_mci.o(i.__ARM_common_call_via_r5)
    __ARM_common_call_via_r6                 0x000043e9   Thumb Code     2  fs_mci.o(i.__ARM_common_call_via_r6)
    __ARM_common_call_via_r7                 0x000043eb   Thumb Code     2  fs_mci.o(i.__ARM_common_call_via_r7)
    Inline Thumb to ARM Veneer to __ARM_common_ll_muluu 0x000043ed   Thumb Code     4  fs_fat.o(i.__ARM_common_ll_muluu)
    __ARM_common_ll_muluu                    0x000043f0   ARM Code      12  fs_fat.o(i.__ARM_common_ll_muluu)
    Inline Thumb to ARM Veneer to __ARM_common_switch8 0x000043fd   Thumb Code     4  fs_fat.o(i.__ARM_common_switch8)
    __ARM_common_switch8                     0x00004400   ARM Code      24  fs_fat.o(i.__ARM_common_switch8)
    __sys_close                              0x00004419   Thumb Code    82  fs_sys.o(i.__sys_close)
    __sys_ensure                             0x00004479   Thumb Code    66  fs_sys.o(i.__sys_ensure)
    __sys_flen                               0x000044c9   Thumb Code    58  fs_sys.o(i.__sys_flen)
    __sys_open                               0x0000450d   Thumb Code   216  fs_sys.o(i.__sys_open)
    __sys_read                               0x000045ed   Thumb Code    96  fs_sys.o(i.__sys_read)
    __sys_seek                               0x00004655   Thumb Code    70  fs_sys.o(i.__sys_seek)
    __sys_write                              0x000046a9   Thumb Code    86  fs_sys.o(i.__sys_write)
    _is_digit                                0x00004709   Thumb Code    14  __printf_wp.o(i._is_digit)
    entry_pos_set                            0x00004f1d   Thumb Code   102  fs_fat.o(i.entry_pos_set)
    entry_read                               0x00004f83   Thumb Code    58  fs_fat.o(i.entry_read)
    fat_close                                0x00004fed   Thumb Code   232  fs_fat.o(i.fat_close)
    fat_delete                               0x00005109   Thumb Code   202  fs_fat.o(i.fat_delete)
    fat_ffind                                0x000051d5   Thumb Code   260  fs_fat.o(i.fat_ffind)
    fat_format                               0x000052dd   Thumb Code  1134  fs_fat.o(i.fat_format)
    fat_free                                 0x0000574b   Thumb Code    56  fs_fat.o(i.fat_free)
    fat_init                                 0x00005785   Thumb Code   368  fs_fat.o(i.fat_init)
    fat_open                                 0x00005901   Thumb Code   442  fs_fat.o(i.fat_open)
    fat_read                                 0x00005abb   Thumb Code   212  fs_fat.o(i.fat_read)
    fat_rename                               0x00005b8f   Thumb Code   298  fs_fat.o(i.fat_rename)
    fat_seek                                 0x00005cb9   Thumb Code   212  fs_fat.o(i.fat_seek)
    fat_write                                0x00005d8d   Thumb Code   300  fs_fat.o(i.fat_write)
    fdelete                                  0x00005eb9   Thumb Code   102  fs_mapi.o(i.fdelete)
    ffind                                    0x00005f25   Thumb Code   428  fs_mapi.o(i.ffind)
    fformat                                  0x000060dd   Thumb Code   122  fs_mapi.o(i.fformat)
    ffree                                    0x00006165   Thumb Code    78  fs_mapi.o(i.ffree)
    fgetc                                    0x000061b9   Thumb Code    32  fgetc.o(i.fgetc)
    finit                                    0x00006271   Thumb Code   116  fs_mapi.o(i.finit)
    fputc                                    0x000062f1   Thumb Code    36  fputc.o(i.fputc)
    frename                                  0x00006885   Thumb Code   126  fs_mapi.o(i.frename)
    fs_cfg_drv                               0x00006909   Thumb Code    94  fs_mapi.o(i.fs_cfg_drv)
    fs_chk_media                             0x0000697d   Thumb Code    52  fs_lib.o(i.fs_chk_media)
    fs_efs_lock                              0x000069b1   Thumb Code    56  fs_lib.o(i.fs_efs_lock)
    fs_fat_lock                              0x000069f1   Thumb Code    60  fs_lib.o(i.fs_fat_lock)
    fs_find_drv                              0x00006a35   Thumb Code    38  fs_lib.o(i.fs_find_drv)
    fs_find_iob                              0x00006a65   Thumb Code    54  fs_lib.o(i.fs_find_iob)
    fs_get_date                              0x00006aa5   Thumb Code     4  fs_time.o(i.fs_get_date)
    fs_get_time                              0x00006aad   Thumb Code     6  fs_time.o(i.fs_get_time)
    fs_map_drive                             0x00006ab5   Thumb Code   118  fs_lib.o(i.fs_map_drive)
    fs_strpos                                0x00006b35   Thumb Code    24  fs_lib.o(i.fs_strpos)
    mci_DevCtrl                              0x0000709d   Thumb Code    52  fs_mci.o(i.mci_DevCtrl)
    mci_Init                                 0x000070d1   Thumb Code   668  fs_mci.o(i.mci_Init)
    mci_ReadInfo                             0x00007375   Thumb Code   140  fs_mci.o(i.mci_ReadInfo)
    mci_ReadSector                           0x00007401   Thumb Code   164  fs_mci.o(i.mci_ReadSector)
    mci_UnInit                               0x000074a5   Thumb Code    30  fs_mci.o(i.mci_UnInit)
    mci_WriteSector                          0x000074c3   Thumb Code   164  fs_mci.o(i.mci_WriteSector)
    path_validate                            0x00007d19   Thumb Code    56  fs_fat.o(i.path_validate)
    Inline Thumb to ARM Veneer to _get_lc_ctype 0x00008301   Thumb Code     4  lc_ctype_c.o(locale$$code)
    _get_lc_ctype                            0x00008304   ARM Code      80  lc_ctype_c.o(locale$$code)
    _NFILE                                   0x0000895a   Data           2  file_config.o(.constdata)
    _NDRV                                    0x0000895c   Data           2  file_config.o(.constdata)
    mc0_drv                                  0x00008960   Data          24  file_config.o(.constdata)
    fs_DevPool                               0x00008978   Data           8  file_config.o(.constdata)
    mci0_drv                                 0x00008980   Data          44  mci_lpc23xx.o(.constdata)
    __stdin_name                             0x000089ac   Data           6  retarget.o(.constdata)
    __stdout_name                            0x000089b2   Data           7  retarget.o(.constdata)
    __stderr_name                            0x000089b9   Data           7  retarget.o(.constdata)
    Region$$Table$$Base                      0x00008ef8   Number         0  anon$$obj.o(Region$$Table)
    Region$$Table$$Limit                     0x00008f18   Number         0  anon$$obj.o(Region$$Table)
    __ctype                                  0x00008f25   Data           0  lc_ctype_c.o(locale$$data)
    __aeabi_stdin                            0x40000008   Data           4  stdio_streams.o(.data)
    __aeabi_stdout                           0x4000000c   Data           4  stdio_streams.o(.data)
    __aeabi_stderr                           0x40000010   Data           4  stdio_streams.o(.data)
    curAudio                                 0x40000018   Data        1120  sd_file.o(.bss)
    _iob                                     0x40000518   Data         288  file_config.o(.bss)
    __stdin                                  0x400006bc   Data          84  stdio_streams.o(.bss)
    __stdout                                 0x40000710   Data          84  stdio_streams.o(.bss)
    __stderr                                 0x40000764   Data          84  stdio_streams.o(.bss)
    __libspace_start                         0x400007b8   Data          96  libspace.o(.bss)
    __temporary_stack_top$libspace           0x40000818   Data           0  libspace.o(.bss)



==============================================================================

Memory Map of the image

  Image Entry point : 0x0000016c

  Load Region LR_IROM1 (Base: 0x00000000, Size: 0x0000903c, Max: 0x00080000, ABSOLUTE)

    Execution Region ER_IROM1 (Base: 0x00000000, Size: 0x00009028, Max: 0x00080000, ABSOLUTE)

    Base Addr    Size         Type   Attr      Idx    E Section Name        Object

    0x00000000   0x0000016c   Code   RO           64    RESET               lpc2300.o
    0x0000016c   0x00000008   Code   RO          629  * !!!main             c_t.l(__main.o)
    0x00000174   0x0000003c   Code   RO          998    !!!scatter          c_t.l(__scatter.o)
    0x000001b0   0x00000028   Code   RO         1000    !!handler_copy      c_t.l(__scatter_copy.o)
    0x000001d8   0x0000002c   Code   RO         1002    !!handler_zi        c_t.l(__scatter_zi.o)
    0x00000204   0x00000004   Ven    RO          549    .ARM.Collect$$_printf_percent$$00000000  c_t.l(_printf_percent.o)
    0x00000208   0x00000000   Code   RO          549    .ARM.Collect$$_printf_percent$$00000000  c_t.l(_printf_percent.o)
    0x00000208   0x00000008   Code   RO          545    .ARM.Collect$$_printf_percent$$00000001  c_t.l(_printf_n.o)
    0x00000210   0x00000008   Code   RO          546    .ARM.Collect$$_printf_percent$$00000002  c_t.l(_printf_p.o)
    0x00000218   0x0000000c   Code   RO          721    .ARM.Collect$$_printf_percent$$00000007  c_t.l(_printf_ll.o)
    0x00000224   0x00000008   Code   RO          547    .ARM.Collect$$_printf_percent$$00000008  c_t.l(_printf_i.o)
    0x0000022c   0x00000008   Code   RO          548    .ARM.Collect$$_printf_percent$$00000009  c_t.l(_printf_d.o)
    0x00000234   0x00000008   Code   RO          550    .ARM.Collect$$_printf_percent$$0000000D  c_t.l(_printf_lli.o)
    0x0000023c   0x00000008   Code   RO          544    .ARM.Collect$$_printf_percent$$00000014  c_t.l(_printf_s.o)
    0x00000244   0x00000008   Code   RO          720    .ARM.Collect$$_printf_percent$$00000017  c_t.l(_printf_percent_end.o)
    0x0000024c   0x00000008   Ven    RO          949    .ARM.Collect$$libinit$$00000000  c_t.l(libinit.o)
    0x00000254   0x00000002   Code   RO          949    .ARM.Collect$$libinit$$00000000  c_t.l(libinit.o)
    0x00000256   0x00000000   Code   RO          836    .ARM.Collect$$libinit$$00000002  c_t.l(libinit2.o)
    0x00000256   0x00000008   Code   RO          837    .ARM.Collect$$libinit$$00000003  c_t.l(libinit2.o)
    0x0000025e   0x00000000   Code   RO          839    .ARM.Collect$$libinit$$00000008  c_t.l(libinit2.o)
    0x0000025e   0x00000000   Code   RO          841    .ARM.Collect$$libinit$$0000000A  c_t.l(libinit2.o)
    0x0000025e   0x00000000   Code   RO          843    .ARM.Collect$$libinit$$0000000C  c_t.l(libinit2.o)
    0x0000025e   0x00000006   Code   RO          844    .ARM.Collect$$libinit$$0000000D  c_t.l(libinit2.o)
    0x00000264   0x00000000   Code   RO          846    .ARM.Collect$$libinit$$0000000F  c_t.l(libinit2.o)
    0x00000264   0x0000000c   Code   RO          847    .ARM.Collect$$libinit$$00000010  c_t.l(libinit2.o)
    0x00000270   0x00000000   Code   RO          848    .ARM.Collect$$libinit$$00000011  c_t.l(libinit2.o)
    0x00000270   0x00000000   Code   RO          850    .ARM.Collect$$libinit$$00000013  c_t.l(libinit2.o)
    0x00000270   0x00000000   Code   RO          852    .ARM.Collect$$libinit$$00000015  c_t.l(libinit2.o)
    0x00000270   0x00000000   Code   RO          854    .ARM.Collect$$libinit$$00000017  c_t.l(libinit2.o)
    0x00000270   0x00000000   Code   RO          856    .ARM.Collect$$libinit$$00000019  c_t.l(libinit2.o)
    0x00000270   0x00000000   Code   RO          858    .ARM.Collect$$libinit$$0000001B  c_t.l(libinit2.o)
    0x00000270   0x00000000   Code   RO          860    .ARM.Collect$$libinit$$0000001D  c_t.l(libinit2.o)
    0x00000270   0x00000000   Code   RO          862    .ARM.Collect$$libinit$$0000001F  c_t.l(libinit2.o)
    0x00000270   0x00000000   Code   RO          864    .ARM.Collect$$libinit$$00000021  c_t.l(libinit2.o)
    0x00000270   0x00000004   Code   RO          865    .ARM.Collect$$libinit$$00000022  c_t.l(libinit2.o)
    0x00000274   0x00000000   Code   RO          866    .ARM.Collect$$libinit$$00000023  c_t.l(libinit2.o)
    0x00000274   0x00000000   Code   RO          870    .ARM.Collect$$libinit$$0000002A  c_t.l(libinit2.o)
    0x00000274   0x00000000   Code   RO          872    .ARM.Collect$$libinit$$0000002C  c_t.l(libinit2.o)
    0x00000274   0x00000000   Code   RO          874    .ARM.Collect$$libinit$$0000002E  c_t.l(libinit2.o)
    0x00000274   0x00000000   Code   RO          876    .ARM.Collect$$libinit$$00000030  c_t.l(libinit2.o)
    0x00000274   0x0000000c   Code   RO          877    .ARM.Collect$$libinit$$00000031  c_t.l(libinit2.o)
    0x00000280   0x00000008   Ven    RO          995    .ARM.Collect$$libshutdown$$00000000  c_t.l(libshutdown.o)
    0x00000288   0x00000004   Code   RO          995    .ARM.Collect$$libshutdown$$00000000  c_t.l(libshutdown.o)
    0x0000028c   0x00000004   Code   RO          879    .ARM.Collect$$libshutdown$$00000002  c_t.l(libshutdown2.o)
    0x00000290   0x00000000   Code   RO          880    .ARM.Collect$$libshutdown$$00000003  c_t.l(libshutdown2.o)
    0x00000290   0x00000000   Code   RO          883    .ARM.Collect$$libshutdown$$00000006  c_t.l(libshutdown2.o)
    0x00000290   0x00000000   Code   RO          886    .ARM.Collect$$libshutdown$$00000009  c_t.l(libshutdown2.o)
    0x00000290   0x00000000   Code   RO          888    .ARM.Collect$$libshutdown$$0000000B  c_t.l(libshutdown2.o)
    0x00000290   0x00000000   Code   RO          891    .ARM.Collect$$libshutdown$$0000000E  c_t.l(libshutdown2.o)
    0x00000290   0x00000006   Code   RO          892    .ARM.Collect$$libshutdown$$0000000F  c_t.l(libshutdown2.o)
    0x00000296   0x00000002   PAD
    0x00000298   0x00000000   Code   RO          633    .ARM.Collect$$rtentry$$00000000  c_t.l(rtentry.o)
    0x00000298   0x00000000   Code   RO          750    .ARM.Collect$$rtentry$$00000002  c_t.l(rtentry2.o)
    0x00000298   0x00000008   Code   RO          762    .ARM.Collect$$rtentry$$00000004  c_t.l(rtentry4.o)
    0x000002a0   0x00000000   Code   RO          752    .ARM.Collect$$rtentry$$00000009  c_t.l(rtentry2.o)
    0x000002a0   0x00000004   Code   RO          753    .ARM.Collect$$rtentry$$0000000A  c_t.l(rtentry2.o)
    0x000002a4   0x00000000   Code   RO          755    .ARM.Collect$$rtentry$$0000000C  c_t.l(rtentry2.o)
    0x000002a4   0x00000028   Code   RO          756    .ARM.Collect$$rtentry$$0000000D  c_t.l(rtentry2.o)
    0x000002cc   0x00000004   Ven    RO          952    .ARM.Collect$$rtexit$$00000000  c_t.l(rtexit.o)
    0x000002d0   0x00000004   Code   RO          952    .ARM.Collect$$rtexit$$00000000  c_t.l(rtexit.o)
    0x000002d4   0x00000000   Code   RO          969    .ARM.Collect$$rtexit$$00000002  c_t.l(rtexit2.o)
    0x000002d4   0x00000004   Code   RO          970    .ARM.Collect$$rtexit$$00000003  c_t.l(rtexit2.o)
    0x000002d8   0x00000008   Code   RO          971    .ARM.Collect$$rtexit$$00000004  c_t.l(rtexit2.o)
    0x000002e0   0x00000000   Code   RO          909    .emb_text           c_t.l(maybetermalloc1.o)
    0x000002e0   0x00001270   Code   RO            1    .text               sd_file.o
    0x00001550   0x00000160   Code   RO            2    .text               sd_file.o
    0x000016b0   0x00000094   Code   RO           50    .text               getline.o
    0x00001744   0x00000024   Code   RO           65    .text               lpc2300.o
    0x00001768   0x000000dc   Code   RO           71    .text               file_config.o
    0x00001844   0x000002b8   Code   RO          100    .text               mci_lpc23xx.o
    0x00001afc   0x00000064   Code   RO          120    .text               serial.o
    0x00001b60   0x00000148   Code   RO          132    .text               retarget.o
    0x00001ca8   0x00000208   Code   RO          165    .text               lcd.o
    0x00001eb0   0x00000004   Code   RO          469    .text               c_t.l(use_no_semi.o)
    0x00001eb4   0x00000004   Ven    RO          471    .text               c_t.l(llshl.o)
    0x00001eb8   0x00000028   Code   RO          471    .text               c_t.l(llshl.o)
    0x00001ee0   0x00000004   Ven    RO          473    .text               c_t.l(llsdiv.o)
    0x00001ee4   0x00000054   Code   RO          473    .text               c_t.l(llsdiv.o)
    0x00001f38   0x00000004   Ven    RO          475    .text               c_t.l(lludiv.o)
    0x00001f3c   0x000002d0   Code   RO          475    .text               c_t.l(lludiv.o)
    0x0000220c   0x00000022   Code   RO          477    .text               c_t.l(toupper.o)
    0x0000222e   0x00000002   PAD
    0x00002230   0x0000001c   Code   RO          479    .text               c_t.l(__2printf.o)
    0x0000224c   0x00000016   Code   RO          481    .text               c_t.l(__2fprintf.o)
    0x00002262   0x00000002   PAD
    0x00002264   0x0000002c   Code   RO          483    .text               c_t.l(__2sprintf.o)
    0x00002290   0x00000056   Code   RO          493    .text               c_t.l(_printf_pad.o)
    0x000022e6   0x00000058   Code   RO          495    .text               c_t.l(_printf_str.o)
    0x0000233e   0x00000002   PAD
    0x00002340   0x00000008   Ven    RO          497    .text               c_t.l(_printf_dec.o)
    0x00002348   0x00000070   Code   RO          497    .text               c_t.l(_printf_dec.o)
    0x000023b8   0x00000008   Ven    RO          499    .text               c_t.l(_printf_charcount.o)
    0x000023c0   0x00000028   Code   RO          499    .text               c_t.l(_printf_charcount.o)
    0x000023e8   0x00000008   Ven    RO          501    .text               c_t.l(_printf_longlong_dec.o)
    0x000023f0   0x00000074   Code   RO          501    .text               c_t.l(_printf_longlong_dec.o)
    0x00002464   0x00000008   Ven    RO          512    .text               c_t.l(_printf_hex_ptr.o)
    0x0000246c   0x00000058   Code   RO          512    .text               c_t.l(_printf_hex_ptr.o)
    0x000024c4   0x0000019c   Code   RO          541    .text               c_t.l(__printf_flags_ss_wp.o)
    0x00002660   0x00000040   Code   RO          551    .text               c_t.l(__0sscanf.o)
    0x000026a0   0x0000015c   Code   RO          553    .text               c_t.l(_scanf_int.o)
    0x000027fc   0x0000006c   Code   RO          555    .text               c_t.l(fflush.o)
    0x00002868   0x00000026   Code   RO          561    .text               c_t.l(fputs.o)
    0x0000288e   0x0000000c   Code   RO          567    .text               c_t.l(putc.o)
    0x0000289a   0x00000002   PAD
    0x0000289c   0x000000f0   Code   RO          569    .text               c_t.l(fopen.o)
    0x0000298c   0x00000050   Code   RO          577    .text               c_t.l(fclose.o)
    0x000029dc   0x00000050   Code   RO          587    .text               c_t.l(strcpy.o)
    0x00002a2c   0x00000032   Code   RO          589    .text               c_t.l(strncasecmp.o)
    0x00002a5e   0x00000002   PAD
    0x00002a60   0x00000044   Code   RO          591    .text               c_t.l(strlen.o)
    0x00002aa4   0x00000018   Code   RO          593    .text               c_t.l(strcat.o)
    0x00002abc   0x00000004   Ven    RO          595    .text               c_t.l(rt_memcpy.o)
    0x00002ac0   0x000000d4   Code   RO          595    .text               c_t.l(rt_memcpy.o)
    0x00002b94   0x00000004   Ven    RO          597    .text               c_t.l(rt_memcpy_w.o)
    0x00002b98   0x00000064   Code   RO          597    .text               c_t.l(rt_memcpy_w.o)
    0x00002bfc   0x00000004   Ven    RO          599    .text               c_t.l(aeabi_memset.o)
    0x00002c00   0x00000010   Code   RO          599    .text               c_t.l(aeabi_memset.o)
    0x00002c10   0x00000004   Ven    RO          601    .text               c_t.l(rt_memclr.o)
    0x00002c14   0x00000040   Code   RO          601    .text               c_t.l(rt_memclr.o)
    0x00002c54   0x00000004   Ven    RO          603    .text               c_t.l(rt_memclr_w.o)
    0x00002c58   0x00000054   Code   RO          603    .text               c_t.l(rt_memclr_w.o)
    0x00002cac   0x00000004   Ven    RO          605    .text               c_t.l(strcmp.o)
    0x00002cb0   0x000000a0   Code   RO          605    .text               c_t.l(strcmp.o)
    0x00002d50   0x00000004   Ven    RO          607    .text               c_t.l(uread4.o)
    0x00002d54   0x00000020   Code   RO          607    .text               c_t.l(uread4.o)
    0x00002d74   0x00000004   Ven    RO          609    .text               c_t.l(uwrite4.o)
    0x00002d78   0x00000020   Code   RO          609    .text               c_t.l(uwrite4.o)
    0x00002d98   0x00000004   Ven    RO          611    .text               c_t.l(aeabi_sdiv.o)
    0x00002d9c   0x00000180   Code   RO          611    .text               c_t.l(aeabi_sdiv.o)
    0x00002f1c   0x00000006   Code   RO          627    .text               c_t.l(heapauxi.o)
    0x00002f22   0x00000002   PAD
    0x00002f24   0x00000004   Ven    RO          634    .text               c_t.l(rt_ctype_table.o)
    0x00002f28   0x00000018   Code   RO          634    .text               c_t.l(rt_ctype_table.o)
    0x00002f40   0x0000006e   Code   RO          648    .text               c_t.l(h1_alloc.o)
    0x00002fae   0x00000054   Code   RO          650    .text               c_t.l(h1_free.o)
    0x00003002   0x00000002   PAD
    0x00003004   0x00000004   Ven    RO          706    .text               c_t.l(lludiv10.o)
    0x00003008   0x000000a0   Code   RO          706    .text               c_t.l(lludiv10.o)
    0x000030a8   0x0000001e   Code   RO          708    .text               c_t.l(tolower.o)
    0x000030c6   0x000000ba   Code   RO          710    .text               c_t.l(_printf_intcommon.o)
    0x00003180   0x00000030   Code   RO          712    .text               c_t.l(_printf_char_common.o)
    0x000031b0   0x0000000a   Code   RO          714    .text               c_t.l(_sputc.o)
    0x000031ba   0x00000002   PAD
    0x000031bc   0x00000008   Ven    RO          716    .text               c_t.l(_printf_char.o)
    0x000031c4   0x00000032   Code   RO          716    .text               c_t.l(_printf_char.o)
    0x000031f6   0x00000002   PAD
    0x000031f8   0x0000002c   Code   RO          718    .text               c_t.l(_printf_char_file.o)
    0x00003224   0x0000001e   Code   RO          722    .text               c_t.l(_chval.o)
    0x00003242   0x00000002   PAD
    0x00003244   0x00000034   Code   RO          724    .text               c_t.l(scanf_char.o)
    0x00003278   0x00000044   Code   RO          726    .text               c_t.l(_sgetc.o)
    0x000032bc   0x0000025c   Code   RO          728    .text               c_t.l(filbuf.o)
    0x00003518   0x000000f8   Code   RO          734    .text               c_t.l(fseek.o)
    0x00003610   0x000000fc   Code   RO          736    .text               c_t.l(stdio.o)
    0x0000370c   0x00000144   Code   RO          739    .text               c_t.l(initio.o)
    0x00003850   0x00000004   Ven    RO          745    .text               c_t.l(rtudiv10.o)
    0x00003854   0x0000002c   Code   RO          745    .text               c_t.l(rtudiv10.o)
    0x00003880   0x00000004   Ven    RO          769    .text               c_t.l(rt_heap_descriptor_intlibspace.o)
    0x00003884   0x0000000c   Code   RO          769    .text               c_t.l(rt_heap_descriptor_intlibspace.o)
    0x00003890   0x00000004   Ven    RO          774    .text               c_t.l(rt_locale_intlibspace.o)
    0x00003894   0x0000000c   Code   RO          774    .text               c_t.l(rt_locale_intlibspace.o)
    0x000038a0   0x00000004   Code   RO          776    .text               c_t.l(hguard.o)
    0x000038a4   0x00000094   Code   RO          778    .text               c_t.l(init_alloc.o)
    0x00003938   0x0000000e   Code   RO          782    .text               c_t.l(h1_init.o)
    0x00003946   0x00000016   Code   RO          796    .text               c_t.l(isspace.o)
    0x0000395c   0x000003c8   Code   RO          800    .text               c_t.l(_scanf.o)
    0x00003d24   0x00000008   Code   RO          802    .text               c_t.l(ferror.o)
    0x00003d2c   0x000001f4   Code   RO          804    .text               c_t.l(flsbuf.o)
    0x00003f20   0x00000046   Code   RO          806    .text               c_t.l(ftell.o)
    0x00003f66   0x00000002   PAD
    0x00003f68   0x00000050   Code   RO          808    .text               c_t.l(setvbuf.o)
    0x00003fb8   0x00000134   Code   RO          810    .text               c_t.l(freadfast.o)
    0x000040ec   0x0000003c   Code   RO          814    .text               c_t.l(flushlinebuffered.o)
    0x00004128   0x00000010   Code   RO          829    .text               c_t.l(defsig_rtred_outer.o)
    0x00004138   0x0000000c   Code   RO          895    .text               c_t.l(libspace.o)
    0x00004144   0x00000060   Code   RO          898    .text               c_t.l(sys_stackheap_outer.o)
    0x000041a4   0x00000004   Ven    RO          905    .text               c_t.l(rt_errno_addr_intlibspace.o)
    0x000041a8   0x0000000c   Code   RO          905    .text               c_t.l(rt_errno_addr_intlibspace.o)
    0x000041b4   0x00000038   Code   RO          911    .text               c_t.l(h1_extend.o)
    0x000041ec   0x000000cc   Code   RO          917    .text               c_t.l(fwritefast.o)
    0x000042b8   0x0000000c   Code   RO          923    .text               c_t.l(exit.o)
    0x000042c4   0x00000010   Code   RO          925    .text               c_t.l(defsig_exit.o)
    0x000042d4   0x00000038   Code   RO          931    .text               c_t.l(defsig_rtred_inner.o)
    0x0000430c   0x00000010   Code   RO          933    .text               c_t.l(defsig_rtmem_outer.o)
    0x0000431c   0x00000038   Code   RO          958    .text               c_t.l(defsig_general.o)
    0x00004354   0x00000054   Code   RO          962    .text               c_t.l(defsig_rtmem_inner.o)
    0x000043a8   0x00000004   Ven    RO          612    .text_udiv          c_t.l(aeabi_sdiv.o)
    0x000043ac   0x00000024   Code   RO          612    .text_udiv          c_t.l(aeabi_sdiv.o)
    0x000043d0   0x0000000c   Ven    RO         1035    Veneer$$Code        anon$$obj.o
    0x000043dc   0x00000002   Code   RO          229    i.__ARM_common_call_via_r0  FS_ARM_L.lib(fs_mapi.o)
    0x000043de   0x00000002   Code   RO           21    i.__ARM_common_call_via_r1  sd_file.o
    0x000043e0   0x00000002   Code   RO          231    i.__ARM_common_call_via_r2  FS_ARM_L.lib(fs_mapi.o)
    0x000043e2   0x00000002   Code   RO          260    i.__ARM_common_call_via_r3  FS_ARM_L.lib(fs_mci.o)
    0x000043e4   0x00000002   Code   RO          268    i.__ARM_common_call_via_r4  FS_ARM_L.lib(fs_mci.o)
    0x000043e6   0x00000002   Code   RO          264    i.__ARM_common_call_via_r5  FS_ARM_L.lib(fs_mci.o)
    0x000043e8   0x00000002   Code   RO          262    i.__ARM_common_call_via_r6  FS_ARM_L.lib(fs_mci.o)
    0x000043ea   0x00000002   Code   RO          266    i.__ARM_common_call_via_r7  FS_ARM_L.lib(fs_mci.o)
    0x000043ec   0x00000004   Ven    RO          439    i.__ARM_common_ll_muluu  FS_ARM_L.lib(fs_fat.o)
    0x000043f0   0x0000000c   Code   RO          439    i.__ARM_common_ll_muluu  FS_ARM_L.lib(fs_fat.o)
    0x000043fc   0x00000004   Ven    RO          441    i.__ARM_common_switch8  FS_ARM_L.lib(fs_fat.o)
    0x00004400   0x00000018   Code   RO          441    i.__ARM_common_switch8  FS_ARM_L.lib(fs_fat.o)
    0x00004418   0x00000060   Code   RO          182    i.__sys_close       FS_ARM_L.lib(fs_sys.o)
    0x00004478   0x00000050   Code   RO          183    i.__sys_ensure      FS_ARM_L.lib(fs_sys.o)
    0x000044c8   0x00000044   Code   RO          184    i.__sys_flen        FS_ARM_L.lib(fs_sys.o)
    0x0000450c   0x000000e0   Code   RO          185    i.__sys_open        FS_ARM_L.lib(fs_sys.o)
    0x000045ec   0x00000068   Code   RO          186    i.__sys_read        FS_ARM_L.lib(fs_sys.o)
    0x00004654   0x00000054   Code   RO          187    i.__sys_seek        FS_ARM_L.lib(fs_sys.o)
    0x000046a8   0x00000060   Code   RO          188    i.__sys_write       FS_ARM_L.lib(fs_sys.o)
    0x00004708   0x0000000e   Code   RO          534    i._is_digit         c_t.l(__printf_wp.o)
    0x00004716   0x0000004c   Code   RO          270    i.alloc_new_clus    FS_ARM_L.lib(fs_fat.o)
    0x00004762   0x00000002   PAD
    0x00004764   0x000000c0   Code   RO          271    i.bs_read           FS_ARM_L.lib(fs_fat.o)
    0x00004824   0x000001b4   Code   RO          272    i.bs_write          FS_ARM_L.lib(fs_fat.o)
    0x000049d8   0x0000009e   Code   RO          273    i.cache_fat         FS_ARM_L.lib(fs_fat.o)
    0x00004a76   0x00000060   Code   RO          274    i.char_validate     FS_ARM_L.lib(fs_fat.o)
    0x00004ad6   0x00000042   Code   RO          275    i.clear_clus        FS_ARM_L.lib(fs_fat.o)
    0x00004b18   0x0000002a   Code   RO          276    i.clus_to_sect      FS_ARM_L.lib(fs_fat.o)
    0x00004b42   0x00000002   PAD
    0x00004b44   0x0000011c   Code   RO          277    i.count_free_clus   FS_ARM_L.lib(fs_fat.o)
    0x00004c60   0x000000d0   Code   RO          278    i.create_dot_entries  FS_ARM_L.lib(fs_fat.o)
    0x00004d30   0x000000d8   Code   RO          279    i.create_lfn_entry  FS_ARM_L.lib(fs_fat.o)
    0x00004e08   0x00000084   Code   RO          280    i.create_sfn_entry  FS_ARM_L.lib(fs_fat.o)
    0x00004e8c   0x0000002e   Code   RO          281    i.entry_flush       FS_ARM_L.lib(fs_fat.o)
    0x00004eba   0x00000062   Code   RO          282    i.entry_pos_comp    FS_ARM_L.lib(fs_fat.o)
    0x00004f1c   0x00000066   Code   RO          283    i.entry_pos_set     FS_ARM_L.lib(fs_fat.o)
    0x00004f82   0x0000003a   Code   RO          284    i.entry_read        FS_ARM_L.lib(fs_fat.o)
    0x00004fbc   0x00000030   Code   RO          285    i.entry_type        FS_ARM_L.lib(fs_fat.o)
    0x00004fec   0x000000e8   Code   RO          287    i.fat_close         FS_ARM_L.lib(fs_fat.o)
    0x000050d4   0x00000034   Code   RO          288    i.fat_crc32         FS_ARM_L.lib(fs_fat.o)
    0x00005108   0x000000ca   Code   RO          289    i.fat_delete        FS_ARM_L.lib(fs_fat.o)
    0x000051d2   0x00000002   PAD
    0x000051d4   0x00000108   Code   RO          290    i.fat_ffind         FS_ARM_L.lib(fs_fat.o)
    0x000052dc   0x0000046e   Code   RO          291    i.fat_format        FS_ARM_L.lib(fs_fat.o)
    0x0000574a   0x00000038   Code   RO          292    i.fat_free          FS_ARM_L.lib(fs_fat.o)
    0x00005782   0x00000002   PAD
    0x00005784   0x0000017c   Code   RO          293    i.fat_init          FS_ARM_L.lib(fs_fat.o)
    0x00005900   0x000001ba   Code   RO          296    i.fat_open          FS_ARM_L.lib(fs_fat.o)
    0x00005aba   0x000000d4   Code   RO          297    i.fat_read          FS_ARM_L.lib(fs_fat.o)
    0x00005b8e   0x0000012a   Code   RO          299    i.fat_rename        FS_ARM_L.lib(fs_fat.o)
    0x00005cb8   0x000000d4   Code   RO          300    i.fat_seek          FS_ARM_L.lib(fs_fat.o)
    0x00005d8c   0x0000012c   Code   RO          301    i.fat_write         FS_ARM_L.lib(fs_fat.o)
    0x00005eb8   0x0000006c   Code   RO          200    i.fdelete           FS_ARM_L.lib(fs_mapi.o)
    0x00005f24   0x000001b8   Code   RO          201    i.ffind             FS_ARM_L.lib(fs_mapi.o)
    0x000060dc   0x00000088   Code   RO          202    i.fformat           FS_ARM_L.lib(fs_mapi.o)
    0x00006164   0x00000054   Code   RO          203    i.ffree             FS_ARM_L.lib(fs_mapi.o)
    0x000061b8   0x00000020   Code   RO          558    i.fgetc             c_t.l(fgetc.o)
    0x000061d8   0x00000098   Code   RO          233    i.fill_cid          FS_ARM_L.lib(fs_mci.o)
    0x00006270   0x00000080   Code   RO          205    i.finit             FS_ARM_L.lib(fs_mapi.o)
    0x000062f0   0x00000024   Code   RO          731    i.fputc             c_t.l(fputc.o)
    0x00006314   0x000000ca   Code   RO          302    i.frec_allocate     FS_ARM_L.lib(fs_fat.o)
    0x000063de   0x00000062   Code   RO          303    i.frec_delete       FS_ARM_L.lib(fs_fat.o)
    0x00006440   0x0000002e   Code   RO          304    i.frec_delete_elink  FS_ARM_L.lib(fs_fat.o)
    0x0000646e   0x00000002   PAD
    0x00006470   0x0000026c   Code   RO          305    i.frec_find         FS_ARM_L.lib(fs_fat.o)
    0x000066dc   0x00000088   Code   RO          306    i.frec_find_elink   FS_ARM_L.lib(fs_fat.o)
    0x00006764   0x00000120   Code   RO          307    i.frec_next         FS_ARM_L.lib(fs_fat.o)
    0x00006884   0x00000084   Code   RO          206    i.frename           FS_ARM_L.lib(fs_mapi.o)
    0x00006908   0x00000074   Code   RO          207    i.fs_cfg_drv        FS_ARM_L.lib(fs_mapi.o)
    0x0000697c   0x00000034   Code   RO          444    i.fs_chk_media      FS_ARM_L.lib(fs_lib.o)
    0x000069b0   0x00000040   Code   RO          446    i.fs_efs_lock       FS_ARM_L.lib(fs_lib.o)
    0x000069f0   0x00000044   Code   RO          447    i.fs_fat_lock       FS_ARM_L.lib(fs_lib.o)
    0x00006a34   0x00000030   Code   RO          448    i.fs_find_drv       FS_ARM_L.lib(fs_lib.o)
    0x00006a64   0x00000040   Code   RO          449    i.fs_find_iob       FS_ARM_L.lib(fs_lib.o)
    0x00006aa4   0x00000008   Code   RO          463    i.fs_get_date       FS_ARM_L.lib(fs_time.o)
    0x00006aac   0x00000006   Code   RO          464    i.fs_get_time       FS_ARM_L.lib(fs_time.o)
    0x00006ab2   0x00000002   PAD
    0x00006ab4   0x00000080   Code   RO          450    i.fs_map_drive      FS_ARM_L.lib(fs_lib.o)
    0x00006b34   0x00000018   Code   RO          452    i.fs_strpos         FS_ARM_L.lib(fs_lib.o)
    0x00006b4c   0x00000084   Code   RO          308    i.fsinfo_read       FS_ARM_L.lib(fs_fat.o)
    0x00006bd0   0x00000068   Code   RO          309    i.fsinfo_write      FS_ARM_L.lib(fs_fat.o)
    0x00006c38   0x00000028   Code   RO          310    i.get_EOC           FS_ARM_L.lib(fs_fat.o)
    0x00006c60   0x00000038   Code   RO          312    i.get_date          FS_ARM_L.lib(fs_fat.o)
    0x00006c98   0x00000032   Code   RO          313    i.get_fat_sect      FS_ARM_L.lib(fs_fat.o)
    0x00006cca   0x00000002   PAD
    0x00006ccc   0x000000e0   Code   RO          315    i.get_free_clus     FS_ARM_L.lib(fs_fat.o)
    0x00006dac   0x00000032   Code   RO          316    i.get_param         FS_ARM_L.lib(fs_fat.o)
    0x00006dde   0x00000032   Code   RO          317    i.get_time          FS_ARM_L.lib(fs_fat.o)
    0x00006e10   0x0000000a   Code   RO          318    i.get_u16           FS_ARM_L.lib(fs_fat.o)
    0x00006e1a   0x00000016   Code   RO          319    i.get_u32           FS_ARM_L.lib(fs_fat.o)
    0x00006e30   0x000000e8   Code   RO          210    i.init_drv          FS_ARM_L.lib(fs_mapi.o)
    0x00006f18   0x00000038   Code   RO          320    i.is_EOC            FS_ARM_L.lib(fs_fat.o)
    0x00006f50   0x00000084   Code   RO          321    i.is_dir_empty      FS_ARM_L.lib(fs_fat.o)
    0x00006fd4   0x000000c8   Code   RO          330    i.mbr_write         FS_ARM_L.lib(fs_fat.o)
    0x0000709c   0x00000034   Code   RO          234    i.mci_DevCtrl       FS_ARM_L.lib(fs_mci.o)
    0x000070d0   0x000002a4   Code   RO          235    i.mci_Init          FS_ARM_L.lib(fs_mci.o)
    0x00007374   0x0000008c   Code   RO          236    i.mci_ReadInfo      FS_ARM_L.lib(fs_mci.o)
    0x00007400   0x000000a4   Code   RO          237    i.mci_ReadSector    FS_ARM_L.lib(fs_mci.o)
    0x000074a4   0x0000001e   Code   RO          238    i.mci_UnInit        FS_ARM_L.lib(fs_mci.o)
    0x000074c2   0x000000a4   Code   RO          239    i.mci_WriteSector   FS_ARM_L.lib(fs_mci.o)
    0x00007566   0x00000084   Code   RO          240    i.mci_read_cid      FS_ARM_L.lib(fs_mci.o)
    0x000075ea   0x00000002   PAD
    0x000075ec   0x000000b4   Code   RO          241    i.mci_read_csd      FS_ARM_L.lib(fs_mci.o)
    0x000076a0   0x00000044   Code   RO          242    i.mci_select_card   FS_ARM_L.lib(fs_mci.o)
    0x000076e4   0x00000032   Code   RO          243    i.mci_send_acmd     FS_ARM_L.lib(fs_mci.o)
    0x00007716   0x00000028   Code   RO          244    i.mci_send_stop     FS_ARM_L.lib(fs_mci.o)
    0x0000773e   0x00000002   PAD
    0x00007740   0x00000060   Code   RO          245    i.mci_wait_for_tran  FS_ARM_L.lib(fs_mci.o)
    0x000077a0   0x0000007c   Code   RO          331    i.name_analyse      FS_ARM_L.lib(fs_fat.o)
    0x0000781c   0x000000c0   Code   RO          332    i.name_basis_gen    FS_ARM_L.lib(fs_fat.o)
    0x000078dc   0x00000010   Code   RO          333    i.name_hash         FS_ARM_L.lib(fs_fat.o)
    0x000078ec   0x00000130   Code   RO          334    i.name_nt_gen       FS_ARM_L.lib(fs_fat.o)
    0x00007a1c   0x0000005a   Code   RO          335    i.name_strip        FS_ARM_L.lib(fs_fat.o)
    0x00007a76   0x000001f8   Code   RO          336    i.path_create       FS_ARM_L.lib(fs_fat.o)
    0x00007c6e   0x000000aa   Code   RO          337    i.path_open         FS_ARM_L.lib(fs_fat.o)
    0x00007d18   0x00000038   Code   RO          338    i.path_validate     FS_ARM_L.lib(fs_fat.o)
    0x00007d50   0x00000080   Code   RO          339    i.read_cache        FS_ARM_L.lib(fs_fat.o)
    0x00007dd0   0x00000058   Code   RO          340    i.read_sector       FS_ARM_L.lib(fs_fat.o)
    0x00007e28   0x0000009c   Code   RO          341    i.set_next_clus     FS_ARM_L.lib(fs_fat.o)
    0x00007ec4   0x0000000e   Code   RO          342    i.set_root_clus     FS_ARM_L.lib(fs_fat.o)
    0x00007ed2   0x00000008   Code   RO          343    i.set_u16           FS_ARM_L.lib(fs_fat.o)
    0x00007eda   0x00000010   Code   RO          344    i.set_u32           FS_ARM_L.lib(fs_fat.o)
    0x00007eea   0x00000052   Code   RO          345    i.sfn_embed         FS_ARM_L.lib(fs_fat.o)
    0x00007f3c   0x0000004a   Code   RO          346    i.sfn_extract       FS_ARM_L.lib(fs_fat.o)
    0x00007f86   0x0000001e   Code   RO          347    i.short_ent_hash    FS_ARM_L.lib(fs_fat.o)
    0x00007fa4   0x00000020   Code   RO          348    i.sn_chksum         FS_ARM_L.lib(fs_fat.o)
    0x00007fc4   0x0000014c   Code   RO          350    i.unlink_clus_chain  FS_ARM_L.lib(fs_fat.o)
    0x00008110   0x000000b6   Code   RO          351    i.write_cache       FS_ARM_L.lib(fs_fat.o)
    0x000081c6   0x00000002   PAD
    0x000081c8   0x00000100   Code   RO          352    i.write_fat_link    FS_ARM_L.lib(fs_fat.o)
    0x000082c8   0x00000038   Code   RO          353    i.write_sector      FS_ARM_L.lib(fs_fat.o)
    0x00008300   0x00000004   Ven    RO          827    locale$$code        c_t.l(lc_ctype_c.o)
    0x00008304   0x00000050   Code   RO          827    locale$$code        c_t.l(lc_ctype_c.o)
    0x00008354   0x00000606   Data   RO            4    .constdata          sd_file.o
    0x0000895a   0x00000002   Data   RO           75    .constdata          file_config.o
    0x0000895c   0x00000002   Data   RO           76    .constdata          file_config.o
    0x0000895e   0x00000002   PAD
    0x00008960   0x00000018   Data   RO           78    .constdata          file_config.o
    0x00008978   0x00000008   Data   RO           79    .constdata          file_config.o
    0x00008980   0x0000002c   Data   RO          101    .constdata          mci_lpc23xx.o
    0x000089ac   0x00000006   Data   RO          133    .constdata          retarget.o
    0x000089b2   0x00000007   Data   RO          134    .constdata          retarget.o
    0x000089b9   0x00000007   Data   RO          135    .constdata          retarget.o
    0x000089c0   0x00000040   Data   RO          166    .constdata          lcd.o
    0x00008a00   0x00000010   Data   RO          246    .constdata          FS_ARM_L.lib(fs_mci.o)
    0x00008a10   0x000004ac   Data   RO          354    .constdata          FS_ARM_L.lib(fs_fat.o)
    0x00008ebc   0x00000028   Data   RO          513    .constdata          c_t.l(_printf_hex_ptr.o)
    0x00008ee4   0x00000011   Data   RO          542    .constdata          c_t.l(__printf_flags_ss_wp.o)
    0x00008ef5   0x00000003   PAD
    0x00008ef8   0x00000020   Data   RO          996    Region$$Table       anon$$obj.o
    0x00008f18   0x00000110   Data   RO          826    locale$$data        c_t.l(lc_ctype_c.o)


    Execution Region RW_IRAM1 (Base: 0x40000000, Size: 0x00001518, Max: 0x00008000, ABSOLUTE)

    Base Addr    Size         Type   Attr      Idx    E Section Name        Object

    0x40000000   0x00000004   Data   RW          167    .data               lcd.o
    0x40000004   0x00000001   Data   RW          212    .data               FS_ARM_L.lib(fs_mapi.o)
    0x40000005   0x00000003   PAD
    0x40000008   0x00000004   Data   RW          574    .data               c_t.l(stdio_streams.o)
    0x4000000c   0x00000004   Data   RW          575    .data               c_t.l(stdio_streams.o)
    0x40000010   0x00000004   Data   RW          576    .data               c_t.l(stdio_streams.o)
    0x40000014   0x00000004   PAD
    0x40000018   0x00000500   Zero   RW            3    .bss                sd_file.o
    0x40000518   0x00000120   Zero   RW           73    .bss                file_config.o
    0x40000638   0x00000084   Zero   RW           74    .bss                file_config.o
    0x400006bc   0x00000054   Zero   RW          571    .bss                c_t.l(stdio_streams.o)
    0x40000710   0x00000054   Zero   RW          572    .bss                c_t.l(stdio_streams.o)
    0x40000764   0x00000054   Zero   RW          573    .bss                c_t.l(stdio_streams.o)
    0x400007b8   0x00000060   Zero   RW          896    .bss                c_t.l(libspace.o)
    0x40000818   0x00000800   Zero   RW           63    HEAP                lpc2300.o
    0x40001018   0x00000500   Zero   RW           62    STACK               lpc2300.o



  Load Region LR$$.ARM.__AT_0x7FD00000 (Base: 0x7fd00000, Size: 0x00000000, Max: 0x00001400, ABSOLUTE)

    Execution Region ER$$.ARM.__AT_0x7FD00000 (Base: 0x7fd00000, Size: 0x00001400, Max: 0x00001400, ABSOLUTE, UNINIT)

    Base Addr    Size         Type   Attr      Idx    E Section Name        Object

    0x7fd00000   0x00001400   Zero   RW           72    .ARM.__AT_0x7FD00000  file_config.o


==============================================================================

Image component sizes


      Code (inc. data)   RO Data    RW Data    ZI Data      Debug   Object Name

       220         16         36          0       5540       6849   file_config.o
       148          4          0          0          0        610   getline.o
       520         20         64          4          0       3515   lcd.o
       400         64          0          0       3328        476   lpc2300.o
       696         62         44          0          0       3047   mci_lpc23xx.o
       328         28         20          0          0       9089   retarget.o
      5074       1702       1542          0       1280      22873   sd_file.o
       100          8          0          0          0        650   serial.o

    ----------------------------------------------------------------------
      7498       1908       1740          4      10148      47109   Object Totals
        12          4         32          0          0          0   (incl. Generated)
         0          0          2          0          0          0   (incl. Padding)

    ----------------------------------------------------------------------

      Code (inc. data)   RO Data    RW Data    ZI Data      Debug   Library Member Name

     11512        332       1196          0          0       5920   fs_fat.o
       448         46          0          0          0        548   fs_lib.o
      1380         78          0          1          0        840   fs_mapi.o
      1954         16         16          0          0       1436   fs_mci.o
       752         78          0          0          0        600   fs_sys.o
        14          4          0          0          0        120   fs_time.o
        64         10          0          0          0         84   __0sscanf.o
        22          0          0          0          0         84   __2fprintf.o
        28          6          0          0          0         84   __2printf.o
        44          4          0          0          0         84   __2sprintf.o
         8          0          0          0          0         68   __main.o
       412          6         17          0          0         92   __printf_flags_ss_wp.o
        14          0          0          0          0         60   __printf_wp.o
        60          8          0          0          0          0   __scatter.o
        40          0          0          0          0          0   __scatter_copy.o
        44          0          0          0          0          0   __scatter_zi.o
        30          0          0          0          0         60   _chval.o
        58          0          0          0          0        112   _printf_char.o
        48          4          0          0          0         96   _printf_char_common.o
        44          6          0          0          0         88   _printf_char_file.o
        48          0          0          0          0         60   _printf_charcount.o
         8          0          0          0          0          0   _printf_d.o
       120         18          0          0          0         88   _printf_dec.o
        96          6         40          0          0         84   _printf_hex_ptr.o
         8          0          0          0          0          0   _printf_i.o
       186          0          0          0          0         96   _printf_intcommon.o
        12          0          0          0          0          0   _printf_ll.o
         8          0          0          0          0          0   _printf_lli.o
       124         18          0          0          0         88   _printf_longlong_dec.o
         8          0          0          0          0          0   _printf_n.o
         8          0          0          0          0          0   _printf_p.o
        86          0          0          0          0        116   _printf_pad.o
         4          0          0          0          0          0   _printf_percent.o
         8          0          0          0          0          0   _printf_percent_end.o
         8          0          0          0          0          0   _printf_s.o
        88          0          0          0          0         84   _printf_str.o
       968         12          0          0          0        100   _scanf.o
       348          0          0          0          0         96   _scanf_int.o
        68          0          0          0          0         76   _sgetc.o
        10          0          0          0          0         60   _sputc.o
        20          0          0          0          0         68   aeabi_memset.o
       428          0          0          0          0        148   aeabi_sdiv.o
        16          0          0          0          0         80   defsig_exit.o
        56          0          0          0          0         84   defsig_general.o
        84         58          0          0          0         80   defsig_rtmem_inner.o
        16          0          0          0          0         80   defsig_rtmem_outer.o
        56         38          0          0          0         80   defsig_rtred_inner.o
        16          0          0          0          0         80   defsig_rtred_outer.o
        12          0          0          0          0         64   exit.o
        80          4          0          0          0         92   fclose.o
         8          0          0          0          0         60   ferror.o
       108          4          0          0          0        116   fflush.o
        32          0          0          0          0         80   fgetc.o
       604         14          0          0          0        152   filbuf.o
       500          8          0          0          0         92   flsbuf.o
        60         10          0          0          0         84   flushlinebuffered.o
       240          8          0          0          0        140   fopen.o
        36          0          0          0          0         80   fputc.o
        38          0          0          0          0         88   fputs.o
       308          0          0          0          0         96   freadfast.o
       248          4          0          0          0         92   fseek.o
        70          0          0          0          0         80   ftell.o
       204          0          0          0          0         96   fwritefast.o
       110          0          0          0          0        116   h1_alloc.o
        56          0          0          0          0         80   h1_extend.o
        84          0          0          0          0        100   h1_free.o
        14          0          0          0          0         76   h1_init.o
         6          0          0          0          0        136   heapauxi.o
         4          0          0          0          0        120   hguard.o
       148          0          0          0          0        192   init_alloc.o
       324         44          0          0          0        120   initio.o
        22          0          0          0          0         80   isspace.o
        84          8        272          0          0         92   lc_ctype_c.o
        10          0          0          0          0          0   libinit.o
        42          0          0          0          0          0   libinit2.o
        12          0          0          0          0          0   libshutdown.o
        10          0          0          0          0          0   libshutdown2.o
        12          4          0          0         96         68   libspace.o
        88          0          0          0          0         84   llsdiv.o
        44          0          0          0          0         68   llshl.o
       724         64          0          0          0        156   lludiv.o
       164          0          0          0          0         96   lludiv10.o
         0          0          0          0          0          0   maybetermalloc1.o
        12          0          0          0          0         80   putc.o
        28          4          0          0          0         84   rt_ctype_table.o
        16          4          0          0          0         68   rt_errno_addr_intlibspace.o
        16          4          0          0          0         68   rt_heap_descriptor_intlibspace.o
        16          4          0          0          0         68   rt_locale_intlibspace.o
        68          0          0          0          0         68   rt_memclr.o
        88          0          0          0          0         80   rt_memclr_w.o
       216          0          0          0          0         68   rt_memcpy.o
       104          0          0          0          0         80   rt_memcpy_w.o
         0          0          0          0          0          0   rtentry.o
        44          4          0          0          0          0   rtentry2.o
         8          0          0          0          0          0   rtentry4.o
         8          0          0          0          0          0   rtexit.o
        12          0          0          0          0          0   rtexit2.o
        48          0          0          0          0         68   rtudiv10.o
        52          8          0          0          0         96   scanf_char.o
        80          6          0          0          0         80   setvbuf.o
       252          8          0          0          0        184   stdio.o
         0          0          0         12        252          0   stdio_streams.o
        24          0          0          0          0         60   strcat.o
       164          4          0          0          0         80   strcmp.o
        80          6          0          0          0         76   strcpy.o
        68          4          0          0          0         76   strlen.o
        50          0          0          0          0         88   strncasecmp.o
        96          0          0          0          0         80   sys_stackheap_outer.o
        30          0          0          0          0         80   tolower.o
        34          0          0          0          0         80   toupper.o
        36          0          0          0          0         68   uread4.o
         4          0          0          0          0         68   use_no_semi.o
        36          0          0          0          0         68   uwrite4.o

    ----------------------------------------------------------------------
     26122        976       1544         16        352      16936   Library Totals
        44          0          3          3          4          0   (incl. Padding)

    ----------------------------------------------------------------------

      Code (inc. data)   RO Data    RW Data    ZI Data      Debug   Library Name

     16060        554       1212          1          0       9464   FS_ARM_L.lib
     10018        422        329         12        348       7472   c_t.l

    ----------------------------------------------------------------------
     26122        976       1544         16        352      16936   Library Totals

    ----------------------------------------------------------------------

==============================================================================


      Code (inc. data)   RO Data    RW Data    ZI Data      Debug   

     33620       2884       3284         20      10500      54613   Grand Totals
     33620       2884       3284         20      10500      54613   ELF Image Totals
     33620       2884       3284         20          0          0   ROM Totals

==============================================================================

    Total RO  Size (Code + RO Data)                36904 (  36.04kB)
    Total RW  Size (RW Data + ZI Data)             10520 (  10.27kB)
    Total ROM Size (Code + RO Data + RW Data)      36924 (  36.06kB)

==============================================================================

