<html>
<body>
<pre>
<h1>µVision Build Log</h1>
<h2>Project:</h2>
C:\Users\LAB\Documents\ESD\ESD_SD_File\SD_File.uvproj
Project File Date:  10/24/2019

<h2>Output:</h2>
Rebuild target 'MCB2300'
compiling SD_File.c...
SD_File.c(547): warning:  #177-D: variable "wi" was declared but never referenced
      int wi = 0;
SD_File.c: 1 warning, 0 errors
compiling Getline.c...
assembling LPC2300.s...
compiling File_Config.c...
compiling MCI_LPC23xx.c...
compiling Serial.c...
compiling Retarget.c...
compiling LCD.c...
linking...
Program Size: Code=33620 RO-data=3284 RW-data=20 ZI-data=10500  
".\Obj\SD_File.axf" - 0 Error(s), 1 Warning(s).
Load "C:\\Users\\LAB\\Documents\\ESD\\ESD_SD_File\\Obj\\SD_File.axf" 
Erase Done.
Programming Done.
Verify OK.
Application running ...
LAB\\Documents\\ESD\\ESD_SD_File\\Obj\\SD_File.axf" 
Erase Done.
Programming Done.
Verify OK.
Application running ...
 Warning(s).
Load "C:\\Users\\LAB\\Documents\\ESD\\ESD_SD_File\\Obj\\SD_File.axf" 
Erase Done.
Programming Done.
Verify OK.
Application running ...
D_File.c(844): warning:  #1-D: last line of file ends without a newline
  }
SD_File.c: 2 warnings, 7 errors
compiling Getline.c...
assembling LPC2300.s...
compiling File_Config.c...
compiling MCI_LPC23xx.c...
compiling Serial.c...
compiling Retarget.c...
compiling LCD.c...
".\Obj\SD_File.axf" - 7 Error(s), 2 Warning(s).
Target not created
